{"argv": ["./gradlew", "--offline", "--no-daemon", "--max-workers=2", ":core:vault:ktlintCheck", ":core:vault:compileDevDebugAndroidTestKotlin", ":core:vault:compileFossDebugAndroidTestKotlin", "--stacktrace"], "head": "5591995bbad94ce7fa184a452767055bb3f7649e"}
To honour the JVM settings for this build a single-use Daemon process will be forked. For more on this, please refer to https://docs.gradle.org/9.7.1/userguide/gradle_daemon.html#sec:disabling_the_daemon in the Gradle documentation.
Daemon will be stopped at the end of the build 
Reusing configuration cache.
> Task :testing:checkKotlinGradlePluginConfigurationErrors SKIPPED
> Task :testing-fakes:checkKotlinGradlePluginConfigurationErrors SKIPPED
> Task :core:model:checkKotlinGradlePluginConfigurationErrors SKIPPED
> Task :core:vault:loadKtlintReporters UP-TO-DATE
> Task :core:vault:runKtlintCheckOverAndroidTestDebugSourceSet NO-SOURCE
> Task :core:vault:ktlintAndroidTestDebugSourceSetCheck SKIPPED
> Task :core:vault:runKtlintCheckOverAndroidTestDevDebugSourceSet NO-SOURCE
> Task :core:vault:ktlintAndroidTestDevDebugSourceSetCheck SKIPPED
> Task :core:vault:runKtlintCheckOverAndroidTestDevSourceSet NO-SOURCE
> Task :core:vault:ktlintAndroidTestDevSourceSetCheck SKIPPED
> Task :core:vault:runKtlintCheckOverAndroidTestFossDebugSourceSet NO-SOURCE
> Task :core:vault:ktlintAndroidTestFossDebugSourceSetCheck SKIPPED
> Task :core:vault:runKtlintCheckOverAndroidTestFossSourceSet NO-SOURCE
> Task :core:vault:ktlintAndroidTestFossSourceSetCheck SKIPPED
> Task :core:vault:runKtlintCheckOverAndroidTestReleaseSourceSet NO-SOURCE
> Task :core:vault:ktlintAndroidTestReleaseSourceSetCheck SKIPPED
> Task :core:model:compileKotlin UP-TO-DATE
> Task :core:vault:runKtlintCheckOverDebugSourceSet NO-SOURCE
> Task :core:vault:ktlintDebugSourceSetCheck SKIPPED
> Task :core:vault:runKtlintCheckOverDevDebugSourceSet NO-SOURCE
> Task :core:vault:ktlintDevDebugSourceSetCheck SKIPPED
> Task :core:vault:runKtlintCheckOverDevReleaseSourceSet NO-SOURCE
> Task :core:vault:ktlintDevReleaseSourceSetCheck SKIPPED
> Task :core:vault:runKtlintCheckOverDevSourceSet NO-SOURCE
> Task :core:vault:ktlintDevSourceSetCheck SKIPPED
> Task :core:vault:runKtlintCheckOverFossDebugSourceSet NO-SOURCE
> Task :core:vault:ktlintFossDebugSourceSetCheck SKIPPED
> Task :core:vault:runKtlintCheckOverFossReleaseSourceSet NO-SOURCE
> Task :core:vault:ktlintFossReleaseSourceSetCheck SKIPPED
> Task :core:vault:runKtlintCheckOverFossSourceSet NO-SOURCE
> Task :core:vault:ktlintFossSourceSetCheck SKIPPED
> Task :core:vault:runKtlintCheckOverKotlinScripts UP-TO-DATE
> Task :core:vault:ktlintKotlinScriptCheck UP-TO-DATE
> Task :core:vault:runKtlintCheckOverMainSourceSet UP-TO-DATE
> Task :core:vault:ktlintMainSourceSetCheck UP-TO-DATE
> Task :core:vault:runKtlintCheckOverReleaseSourceSet NO-SOURCE
> Task :core:vault:ktlintReleaseSourceSetCheck SKIPPED
> Task :core:vault:runKtlintCheckOverTestDebugSourceSet NO-SOURCE
> Task :core:vault:ktlintTestDebugSourceSetCheck SKIPPED
> Task :core:vault:runKtlintCheckOverTestDevDebugSourceSet NO-SOURCE
> Task :core:vault:ktlintTestDevDebugSourceSetCheck SKIPPED
> Task :core:vault:runKtlintCheckOverTestDevSourceSet NO-SOURCE
> Task :core:vault:ktlintTestDevSourceSetCheck SKIPPED
> Task :core:vault:runKtlintCheckOverTestFixturesDebugSourceSet NO-SOURCE
> Task :core:vault:ktlintTestFixturesDebugSourceSetCheck SKIPPED
> Task :core:vault:runKtlintCheckOverTestFixturesDevSourceSet NO-SOURCE
> Task :core:vault:ktlintTestFixturesDevSourceSetCheck SKIPPED
> Task :core:vault:runKtlintCheckOverTestFixturesFossSourceSet NO-SOURCE
> Task :core:vault:ktlintTestFixturesFossSourceSetCheck SKIPPED
> Task :core:vault:runKtlintCheckOverTestFixturesReleaseSourceSet NO-SOURCE
> Task :core:vault:ktlintTestFixturesReleaseSourceSetCheck SKIPPED
> Task :core:vault:runKtlintCheckOverTestFixturesSourceSet NO-SOURCE
> Task :core:vault:ktlintTestFixturesSourceSetCheck SKIPPED
> Task :core:vault:runKtlintCheckOverTestFossDebugSourceSet NO-SOURCE
> Task :core:vault:ktlintTestFossDebugSourceSetCheck SKIPPED
> Task :core:vault:runKtlintCheckOverTestFossSourceSet NO-SOURCE
> Task :core:vault:ktlintTestFossSourceSetCheck SKIPPED
> Task :core:vault:runKtlintCheckOverTestReleaseSourceSet NO-SOURCE
> Task :core:vault:ktlintTestReleaseSourceSetCheck SKIPPED
> Task :core:vault:runKtlintCheckOverTestSourceSet UP-TO-DATE
> Task :core:vault:ktlintTestSourceSetCheck UP-TO-DATE
> Task :core:model:compileJava NO-SOURCE
> Task :core:model:processResources UP-TO-DATE
> Task :core:model:classes UP-TO-DATE
> Task :core:model:jar UP-TO-DATE
> Task :testing-fakes:compileKotlin UP-TO-DATE
> Task :testing-fakes:compileJava NO-SOURCE
> Task :testing-fakes:processResources NO-SOURCE
> Task :testing-fakes:classes UP-TO-DATE
> Task :testing-fakes:jar UP-TO-DATE
> Task :testing:compileKotlin UP-TO-DATE
> Task :testing:compileJava NO-SOURCE
> Task :testing:processResources UP-TO-DATE
> Task :testing:classes UP-TO-DATE
> Task :testing:jar UP-TO-DATE
> Task :core:markdown:checkKotlinGradlePluginConfigurationErrors SKIPPED
> Task :core:markdown:compileKotlin UP-TO-DATE
> Task :core:markdown:compileJava NO-SOURCE
> Task :core:markdown:processResources NO-SOURCE
> Task :core:markdown:classes UP-TO-DATE
> Task :core:markdown:jar UP-TO-DATE
> Task :core:rag:preBuild UP-TO-DATE
> Task :core:rag:preDebugBuild UP-TO-DATE
> Task :core:rag:generateDebugResources UP-TO-DATE
> Task :core:rag:packageDebugResources UP-TO-DATE
> Task :core:rag:processDebugNavigationResources UP-TO-DATE
> Task :core:rag:parseDebugLocalResources UP-TO-DATE
> Task :core:rag:generateDebugRFile UP-TO-DATE
> Task :core:security:preBuild UP-TO-DATE
> Task :core:security:preDebugBuild UP-TO-DATE
> Task :core:security:generateDebugResources UP-TO-DATE
> Task :core:security:packageDebugResources UP-TO-DATE
> Task :core:security:processDebugNavigationResources UP-TO-DATE
> Task :core:security:parseDebugLocalResources UP-TO-DATE
> Task :core:security:generateDebugRFile UP-TO-DATE
> Task :core:security:compileDebugKotlin UP-TO-DATE
> Task :core:security:javaPreCompileDebug UP-TO-DATE
> Task :core:security:compileDebugJavaWithJavac NO-SOURCE
> Task :core:security:bundleLibCompileToJarDebug UP-TO-DATE
> Task :core:rag:compileDebugKotlin UP-TO-DATE
> Task :core:rag:javaPreCompileDebug UP-TO-DATE
> Task :core:rag:compileDebugJavaWithJavac NO-SOURCE
> Task :core:rag:bundleLibCompileToJarDebug UP-TO-DATE
> Task :core:vault:preBuild UP-TO-DATE
> Task :core:vault:preDevDebugBuild UP-TO-DATE
> Task :core:vault:generateDevDebugResources UP-TO-DATE
> Task :core:vault:packageDevDebugResources UP-TO-DATE
> Task :core:vault:processDevDebugNavigationResources UP-TO-DATE
> Task :core:vault:parseDevDebugLocalResources UP-TO-DATE
> Task :core:vault:generateDevDebugRFile UP-TO-DATE
> Task :core:vault:compileDevDebugKotlin UP-TO-DATE
> Task :core:vault:javaPreCompileDevDebug UP-TO-DATE
> Task :core:vault:compileDevDebugJavaWithJavac NO-SOURCE
> Task :core:vault:bundleLibCompileToJarDevDebug UP-TO-DATE
> Task :core:vault:preDevDebugAndroidTestBuild UP-TO-DATE
> Task :core:vault:generateDevDebugAndroidTestResources UP-TO-DATE
> Task :core:vault:packageDevDebugAndroidTestResources UP-TO-DATE
> Task :core:vault:processDevDebugAndroidTestNavigationResources UP-TO-DATE
> Task :core:vault:parseDevDebugAndroidTestLocalResources UP-TO-DATE
> Task :core:vault:generateDevDebugAndroidTestRFile UP-TO-DATE
> Task :core:vault:runKtlintCheckOverAndroidTestSourceSet
> Task :core:vault:ktlintAndroidTestSourceSetCheck FROM-CACHE
> Task :core:vault:ktlintCheck UP-TO-DATE
> Task :core:vault:preFossDebugBuild UP-TO-DATE
> Task :core:vault:generateFossDebugResources UP-TO-DATE
> Task :core:vault:packageFossDebugResources UP-TO-DATE
> Task :core:vault:processFossDebugNavigationResources UP-TO-DATE
> Task :core:vault:parseFossDebugLocalResources UP-TO-DATE
> Task :core:vault:generateFossDebugRFile UP-TO-DATE
> Task :core:vault:compileFossDebugKotlin UP-TO-DATE
> Task :core:vault:javaPreCompileFossDebug UP-TO-DATE
> Task :core:vault:compileFossDebugJavaWithJavac NO-SOURCE
> Task :core:vault:bundleLibCompileToJarFossDebug UP-TO-DATE
> Task :core:vault:preFossDebugAndroidTestBuild UP-TO-DATE
> Task :core:vault:generateFossDebugAndroidTestResources UP-TO-DATE
> Task :core:vault:packageFossDebugAndroidTestResources UP-TO-DATE
> Task :core:vault:processFossDebugAndroidTestNavigationResources UP-TO-DATE
> Task :core:vault:parseFossDebugAndroidTestLocalResources UP-TO-DATE
> Task :core:vault:generateFossDebugAndroidTestRFile UP-TO-DATE
> Task :core:vault:compileDevDebugAndroidTestKotlin
> Task :core:vault:compileFossDebugAndroidTestKotlin

BUILD SUCCESSFUL in 8s
63 actionable tasks: 3 executed, 1 from cache, 59 up-to-date
Configuration cache entry reused.
