{"head": "4b5c6e43b5944d0461c27fe1c7283079b9794a9a", "argv": ["python3", "-m", "unittest", "discover", "-s", "tools/ci", "-p", "test_*.py", "-v"]}
test_changed_old_out_of_order_or_reused_nonce_cannot_mutate (test_foldable_console.ConsoleProtocolTest.test_changed_old_out_of_order_or_reused_nonce_cannot_mutate) ... ok
test_cleanup_unfold_is_only_after_owned_fold_and_is_guarded (test_foldable_console.ConsoleProtocolTest.test_cleanup_unfold_is_only_after_owned_fold_and_is_guarded) ... ok
test_command_receipts_keep_exact_timeout_poll_phase_and_no_inherited_stdin (test_foldable_console.ConsoleProtocolTest.test_command_receipts_keep_exact_timeout_poll_phase_and_no_inherited_stdin) ... ok
test_console_ko_is_not_success (test_foldable_console.ConsoleProtocolTest.test_console_ko_is_not_success) ... ok
test_display_collection_refuses_prior_evidence (test_foldable_console.ConsoleProtocolTest.test_display_collection_refuses_prior_evidence) ... ok
test_display_reads_are_bound_to_one_exchange_and_replay_does_not_recapture (test_foldable_console.ConsoleProtocolTest.test_display_reads_are_bound_to_one_exchange_and_replay_does_not_recapture) ... ok
test_display_timeout_is_preserved_and_never_allows_another_posture_mutation (test_foldable_console.ConsoleProtocolTest.test_display_timeout_is_preserved_and_never_allows_another_posture_mutation) ... ok
test_exact_replay_only_replies_with_matched_cached_ack (test_foldable_console.ConsoleProtocolTest.test_exact_replay_only_replies_with_matched_cached_ack) ... ok
test_exit_aware_read_keeps_real_errors_and_malformed_data_fatal (test_foldable_console.ConsoleProtocolTest.test_exit_aware_read_keeps_real_errors_and_malformed_data_fatal) ... ok
test_fold_timeout_withholds_all_further_posture_mutations (test_foldable_console.ConsoleProtocolTest.test_fold_timeout_withholds_all_further_posture_mutations) ... ok
test_guards_reject_physical_serial_ci_and_invalid_run_before_any_command (test_foldable_console.ConsoleProtocolTest.test_guards_reject_physical_serial_ci_and_invalid_run_before_any_command) ... ok
test_json_rejects_stale_unknown_duplicate_oversized_and_wrong_shapes (test_foldable_console.ConsoleProtocolTest.test_json_rejects_stale_unknown_duplicate_oversized_and_wrong_shapes) ... ok
test_no_input_adb_child_cannot_wait_for_an_inherited_open_stdin_pipe (test_foldable_console.ConsoleProtocolTest.test_no_input_adb_child_cannot_wait_for_an_inherited_open_stdin_pipe) ... ok
test_private_request_read_has_fixed_path_and_byte_limit (test_foldable_console.ConsoleProtocolTest.test_private_request_read_has_fixed_path_and_byte_limit) ... ok
test_readiness_ack_is_nonce_bound_and_precedes_all_posture_mutations (test_foldable_console.ConsoleProtocolTest.test_readiness_ack_is_nonce_bound_and_precedes_all_posture_mutations) ... ok
test_readiness_sequence_cannot_be_used_to_relabel_a_posture (test_foldable_console.ConsoleProtocolTest.test_readiness_sequence_cannot_be_used_to_relabel_a_posture) ... ok
test_request_read_timeout_after_fold_also_withholds_cleanup (test_foldable_console.ConsoleProtocolTest.test_request_read_timeout_after_fold_also_withholds_cleanup) ... ok
test_shell_stop_escalates_and_reaps_a_stalled_owned_controller (test_foldable_console.ConsoleProtocolTest.test_shell_stop_escalates_and_reaps_a_stalled_owned_controller) ... ok
test_stop_and_lifetime_are_bounded_and_recorded (test_foldable_console.ConsoleProtocolTest.test_stop_and_lifetime_are_bounded_and_recorded) ... ok
test_timeout_is_poisoned_error_ack_without_retry (test_foldable_console.ConsoleProtocolTest.test_timeout_is_poisoned_error_ack_without_retry) ... ok
test_uninstalled_package_and_missing_private_file_wait_without_parsing_diagnostics (test_foldable_console.ConsoleProtocolTest.test_uninstalled_package_and_missing_private_file_wait_without_parsing_diagnostics) ... ok
test_wrong_qemu_or_avd_cannot_mutate_or_write_ack (test_foldable_console.ConsoleProtocolTest.test_wrong_qemu_or_avd_cannot_mutate_or_write_ack) ... ok
test_actual_adapter_modules_must_belong_to_selected_repository (test_foldable_local.LocalAdmissionTest.test_actual_adapter_modules_must_belong_to_selected_repository) ... ok
test_discovery_refuses_physical_offline_other_emulator_and_missing_owned_target (test_foldable_local.LocalAdmissionTest.test_discovery_refuses_physical_offline_other_emulator_and_missing_owned_target) ... ok
test_existing_test_model_refuses_missing_changed_or_repointed_bytes (test_foldable_local.LocalAdmissionTest.test_existing_test_model_refuses_missing_changed_or_repointed_bytes) ... ok
test_generic_profile_requires_actual_hinge_and_exact_image (test_foldable_local.LocalAdmissionTest.test_generic_profile_requires_actual_hinge_and_exact_image) ... ok
test_installed_image_pin_requires_all_original_bytes (test_foldable_local.LocalAdmissionTest.test_installed_image_pin_requires_all_original_bytes) ... ok
test_leases_are_atomic_and_cannot_release_changed_owner (test_foldable_local.LocalAdmissionTest.test_leases_are_atomic_and_cannot_release_changed_owner) ... ok
test_local_environment_cannot_impersonate_host_or_ci (test_foldable_local.LocalAdmissionTest.test_local_environment_cannot_impersonate_host_or_ci) ... ok
test_owned_live_child_and_both_listener_groups_are_required (test_foldable_local.LocalAdmissionTest.test_owned_live_child_and_both_listener_groups_are_required) ... ok
test_run_identity_and_explicit_even_port (test_foldable_local.LocalAdmissionTest.test_run_identity_and_explicit_even_port) ... ok
test_successful_gradle_client_with_live_new_daemon_keeps_build_unproven (test_foldable_local.LocalCleanupTest.test_successful_gradle_client_with_live_new_daemon_keeps_build_unproven) ... ok
test_surviving_port_owner_is_never_signalled_or_device_lease_released (test_foldable_local.LocalCleanupTest.test_surviving_port_owner_is_never_signalled_or_device_lease_released) ... ok
test_unproven_gradle_retains_build_lease_even_when_emulator_stopped (test_foldable_local.LocalCleanupTest.test_unproven_gradle_retains_build_lease_even_when_emulator_stopped) ... ok
test_untracked_source_refuses_frozen_checkout (test_foldable_local.LocalCleanupTest.test_untracked_source_refuses_frozen_checkout) ... ok
test_actual_authority_checked_before_every_targeted_command (test_foldable_local.LocalProtocolTest.test_actual_authority_checked_before_every_targeted_command) ... ok
test_readiness_is_required_and_replay_never_repeats_posture_mutation (test_foldable_local.LocalProtocolTest.test_readiness_is_required_and_replay_never_repeats_posture_mutation) ... ok
test_wrong_run_avd_and_non_emulator_cannot_mutate (test_foldable_local.LocalProtocolTest.test_wrong_run_avd_and_non_emulator_cannot_mutate) ... ok
test_apks_are_built_before_polling_and_readiness_precedes_activity_launch (test_foldable_workflow.FoldableWorkflowContractTest.test_apks_are_built_before_polling_and_readiness_precedes_activity_launch) ... ok
test_espresso_pin_and_test_only_network_manifest_are_verified (test_foldable_workflow.FoldableWorkflowContractTest.test_espresso_pin_and_test_only_network_manifest_are_verified) ... ok
test_exact_and_compatibility_profiles_are_explicit_and_labelled (test_foldable_workflow.FoldableWorkflowContractTest.test_exact_and_compatibility_profiles_are_explicit_and_labelled) ... ok
test_failed_display_owner_publication_terminates_only_the_owned_child (test_foldable_workflow.FoldableWorkflowContractTest.test_failed_display_owner_publication_terminates_only_the_owned_child) ... ok
test_linux_emulator_library_is_installed_before_the_version_probe (test_foldable_workflow.FoldableWorkflowContractTest.test_linux_emulator_library_is_installed_before_the_version_probe) ... ok
test_owned_display_cleanup_never_signals_a_reused_pid_and_bounds_escalation (test_foldable_workflow.FoldableWorkflowContractTest.test_owned_display_cleanup_never_signals_a_reused_pid_and_bounds_escalation) ... ok
test_scoped_xvfb_is_started_before_emulator_and_always_cleaned (test_foldable_workflow.FoldableWorkflowContractTest.test_scoped_xvfb_is_started_before_emulator_and_always_cleaned) ... ok
test_sdk_receipts_hash_actual_image_and_kernel_bytes_and_refuse_missing_payloads (test_foldable_workflow.FoldableWorkflowContractTest.test_sdk_receipts_hash_actual_image_and_kernel_bytes_and_refuse_missing_payloads) ... ok
test_spaced_catalog_id_is_exact_and_missing_profile_never_falls_back (test_foldable_workflow.FoldableWorkflowContractTest.test_spaced_catalog_id_is_exact_and_missing_profile_never_falls_back) ... ok
test_declared_surface_and_missing_extra_negative_controls (test_sqlite_jni_symbols.SqliteJniSymbolsTest.test_declared_surface_and_missing_extra_negative_controls) ... ok
test_historical_evidence_cannot_fill_missing_instrumentation_outputs (test_verification_manifest.VerificationManifestTest.test_historical_evidence_cannot_fill_missing_instrumentation_outputs) ... ok
test_historical_unit_and_screenshot_evidence_cannot_fill_missing_outputs (test_verification_manifest.VerificationManifestTest.test_historical_unit_and_screenshot_evidence_cannot_fill_missing_outputs) ... ok
test_includes_nested_variant_records_without_rewriting_failed_evidence (test_verification_manifest.VerificationManifestTest.test_includes_nested_variant_records_without_rewriting_failed_evidence) ... ok
test_instrumentation_excludes_historical_and_unrelated_module_outputs (test_verification_manifest.VerificationManifestTest.test_instrumentation_excludes_historical_and_unrelated_module_outputs) ... ok
test_instrumentation_retains_report_and_built_apk_hash_separately (test_verification_manifest.VerificationManifestTest.test_instrumentation_retains_report_and_built_apk_hash_separately) ... ok
test_instrumentation_upload_retains_current_reports_and_logcat_only (test_verification_manifest.VerificationManifestTest.test_instrumentation_upload_retains_current_reports_and_logcat_only) ... ok
test_missing_records_are_visible_as_empty_inventory (test_verification_manifest.VerificationManifestTest.test_missing_records_are_visible_as_empty_inventory) ... ok
test_supported_layout_covers_every_current_declared_project (test_verification_manifest.VerificationManifestTest.test_supported_layout_covers_every_current_declared_project) ... ok
test_unit_and_screenshots_only_inventory_current_module_build_roots (test_verification_manifest.VerificationManifestTest.test_unit_and_screenshots_only_inventory_current_module_build_roots) ... ok
test_ack_before_console_or_non_alternating_posture_cannot_pass (test_verify_foldable.FoldableEvidenceReviewTest.test_ack_before_console_or_non_alternating_posture_cannot_pass) ... ok
test_command_receipts_reject_timeout_missing_phase_order_and_inherited_input (test_verify_foldable.FoldableEvidenceReviewTest.test_command_receipts_reject_timeout_missing_phase_order_and_inherited_input) ... ok
test_counts_actual_cases_and_hashes_source_bound_artifacts (test_verify_foldable.FoldableEvidenceReviewTest.test_counts_actual_cases_and_hashes_source_bound_artifacts) ... ok
test_display_diagnostics_cannot_be_missing_stale_partial_or_failed (test_verify_foldable.FoldableEvidenceReviewTest.test_display_diagnostics_cannot_be_missing_stale_partial_or_failed) ... ok
test_empty_failure_skip_and_duplicate_cannot_pass (test_verify_foldable.FoldableEvidenceReviewTest.test_empty_failure_skip_and_duplicate_cannot_pass) ... ok
test_failed_mismatched_duplicate_or_unstopped_console_cannot_pass (test_verify_foldable.FoldableEvidenceReviewTest.test_failed_mismatched_duplicate_or_unstopped_console_cannot_pass) ... ok
test_generic_profile_is_explicit_and_preserves_pixel_acceptance_gate (test_verify_foldable.FoldableEvidenceReviewTest.test_generic_profile_is_explicit_and_preserves_pixel_acceptance_gate) ... ok
test_geometry_must_show_wider_inner_window_and_same_activity_per_journey (test_verify_foldable.FoldableEvidenceReviewTest.test_geometry_must_show_wider_inner_window_and_same_activity_per_journey) ... ok
test_missing_hinge_or_wrong_actual_profile_cannot_pass (test_verify_foldable.FoldableEvidenceReviewTest.test_missing_hinge_or_wrong_actual_profile_cannot_pass) ... ok
test_non_activity_missing_or_contradictory_window_geometry_cannot_pass (test_verify_foldable.FoldableEvidenceReviewTest.test_non_activity_missing_or_contradictory_window_geometry_cannot_pass) ... ok
test_readiness_requires_instrumentation_consumption_before_original_posture_cases (test_verify_foldable.FoldableEvidenceReviewTest.test_readiness_requires_instrumentation_consumption_before_original_posture_cases) ... ok
test_sdk_image_receipts_cannot_be_missing_metadata_only_or_bound_to_another_config (test_verify_foldable.FoldableEvidenceReviewTest.test_sdk_image_receipts_cannot_be_missing_metadata_only_or_bound_to_another_config) ... ok
test_wrong_source_missing_case_and_malformed_xml_cannot_pass (test_verify_foldable.FoldableEvidenceReviewTest.test_wrong_source_missing_case_and_malformed_xml_cannot_pass) ... ok
test_geometry_failure_stays_failure_after_transport_passes (test_verify_foldable_local.LocalEvidenceTest.test_geometry_failure_stays_failure_after_transport_passes) ... ok
test_original_ci_reviewer_never_admits_local_evidence (test_verify_foldable_local.LocalEvidenceTest.test_original_ci_reviewer_never_admits_local_evidence) ... ok
test_raw_command_sdk_source_and_lease_receipts_are_bound (test_verify_foldable_local.LocalEvidenceTest.test_raw_command_sdk_source_and_lease_receipts_are_bound) ... ok
test_readiness_alone_never_satisfies_posture_or_geometry (test_verify_foldable_local.LocalEvidenceTest.test_readiness_alone_never_satisfies_posture_or_geometry) ... ok
test_source_cleanup_host_and_grant_failures_cannot_be_reported_passed (test_verify_foldable_local.LocalEvidenceTest.test_source_cleanup_host_and_grant_failures_cannot_be_reported_passed) ... ok
test_valid_synthetic_local_evidence_uses_same_cases_and_thresholds (test_verify_foldable_local.LocalEvidenceTest.test_valid_synthetic_local_evidence_uses_same_cases_and_thresholds) ... ok
test_wrong_avd_cannot_borrow_ci_or_another_local_run (test_verify_foldable_local.LocalEvidenceTest.test_wrong_avd_cannot_borrow_ci_or_another_local_run) ... ok
test_empty_malformed_duplicate_or_unnamed_testcases_fail (test_verify_instrumentation.InstrumentationEvidenceTest.test_empty_malformed_duplicate_or_unnamed_testcases_fail) ... ok
test_opt_in_class_is_rejected_even_if_passing (test_verify_instrumentation.InstrumentationEvidenceTest.test_opt_in_class_is_rejected_even_if_passing) ... ok
test_requires_actual_cases_from_every_module (test_verify_instrumentation.InstrumentationEvidenceTest.test_requires_actual_cases_from_every_module) ... ok
test_suite_counters_cannot_hide_any_nonpassing_case (test_verify_instrumentation.InstrumentationEvidenceTest.test_suite_counters_cannot_hide_any_nonpassing_case) ... ok

----------------------------------------------------------------------
Ran 81 tests in 2.706s

OK
