{"head": "11e308155ba6e67bab873fec4325c8c9ec42a70c", "argv": ["./gradlew", "--no-daemon", "--max-workers=2", "--no-build-cache", "verifyRoborazziDebug", "--continue", "--stacktrace"]}
To honour the JVM settings for this build a single-use Daemon process will be forked. For more on this, please refer to https://docs.gradle.org/9.7.1/userguide/gradle_daemon.html#sec:disabling_the_daemon in the Gradle documentation.
Daemon will be stopped at the end of the build 
Reusing configuration cache.
> Task :core:markdown:checkKotlinGradlePluginConfigurationErrors SKIPPED
> Task :core:markdown:processResources NO-SOURCE
> Task :testing-ui:preBuild UP-TO-DATE
> Task :testing-ui:preDebugBuild UP-TO-DATE
> Task :testing-ui:generateDebugResources UP-TO-DATE
> Task :testing-ui:packageDebugResources UP-TO-DATE
> Task :testing-ui:processDebugNavigationResources UP-TO-DATE
> Task :testing-ui:parseDebugLocalResources UP-TO-DATE
> Task :testing-ui:generateDebugRFile UP-TO-DATE
> Task :core:designsystem:preBuild UP-TO-DATE
> Task :core:designsystem:preDebugBuild UP-TO-DATE
> Task :core:designsystem:generateDebugResources UP-TO-DATE
> Task :core:designsystem:packageDebugResources UP-TO-DATE
> Task :core:designsystem:processDebugNavigationResources UP-TO-DATE
> Task :core:markdown:compileKotlin UP-TO-DATE
> Task :core:designsystem:parseDebugLocalResources UP-TO-DATE
> Task :core:markdown:compileJava NO-SOURCE
> Task :core:markdown:classes UP-TO-DATE
> Task :core:designsystem:generateDebugRFile UP-TO-DATE
> Task :core:designsystem:javaPreCompileDebug UP-TO-DATE
> Task :testing-ui:javaPreCompileDebug UP-TO-DATE
> Task :core:designsystem:preDebugUnitTestBuild UP-TO-DATE
> Task :testing-ui:mapDebugSourceSetPaths UP-TO-DATE
> Task :core:markdown:jar UP-TO-DATE
> Task :testing-ui:compileDebugLibraryResources UP-TO-DATE
> Task :testing-ui:writeDebugAarMetadata UP-TO-DATE
> Task :core:designsystem:writeDebugAarMetadata UP-TO-DATE
> Task :core:designsystem:compileDebugKotlin UP-TO-DATE
> Task :core:designsystem:compileDebugJavaWithJavac NO-SOURCE
> Task :core:designsystem:bundleLibCompileToJarDebug UP-TO-DATE
> Task :core:designsystem:checkDebugUnitTestAarMetadata UP-TO-DATE
> Task :core:designsystem:bundleLibRuntimeToJarDebug UP-TO-DATE
> Task :testing-ui:compileDebugKotlin UP-TO-DATE
> Task :core:designsystem:mapDebugSourceSetPaths UP-TO-DATE
> Task :testing-ui:compileDebugJavaWithJavac NO-SOURCE
> Task :testing-ui:bundleLibRuntimeToJarDebug UP-TO-DATE
> Task :testing-ui:processDebugJavaRes UP-TO-DATE
> Task :testing-ui:bundleLibCompileToJarDebug UP-TO-DATE
> Task :core:designsystem:mapDebugUnitTestSourceSetPaths UP-TO-DATE
> Task :core:designsystem:generateDebugUnitTestResources UP-TO-DATE
> Task :core:designsystem:compileDebugLibraryResources UP-TO-DATE
> Task :testing-ui:extractDeepLinksDebug UP-TO-DATE
> Task :testing-ui:processDebugManifest UP-TO-DATE
> Task :core:designsystem:extractDeepLinksDebug UP-TO-DATE
> Task :core:designsystem:processDebugManifest UP-TO-DATE
> Task :core:designsystem:mergeDebugUnitTestResources UP-TO-DATE
> Task :core:designsystem:javaPreCompileDebugUnitTest UP-TO-DATE
> Task :testing-ui:generateDebugAssets UP-TO-DATE
> Task :testing-ui:mergeDebugAssets UP-TO-DATE
> Task :core:designsystem:generateDebugUnitTestAssets UP-TO-DATE
> Task :core:designsystem:generateDebugAssets UP-TO-DATE
> Task :core:designsystem:mergeDebugAssets UP-TO-DATE
> Task :core:designsystem:mergeDebugUnitTestManifest UP-TO-DATE
> Task :core:designsystem:processDebugUnitTestManifest UP-TO-DATE
> Task :core:designsystem:mergeDebugUnitTestAssets UP-TO-DATE
> Task :core:designsystem:processDebugJavaRes UP-TO-DATE
> Task :testing:checkKotlinGradlePluginConfigurationErrors SKIPPED
> Task :testing-fakes:checkKotlinGradlePluginConfigurationErrors SKIPPED
> Task :core:model:checkKotlinGradlePluginConfigurationErrors SKIPPED
> Task :core:model:compileKotlin UP-TO-DATE
> Task :core:model:compileJava NO-SOURCE
> Task :core:model:processResources UP-TO-DATE
> Task :core:model:classes UP-TO-DATE
> Task :core:model:jar UP-TO-DATE
> Task :testing-fakes:compileKotlin UP-TO-DATE
> Task :testing-fakes:compileJava NO-SOURCE
> Task :testing-fakes:processResources NO-SOURCE
> Task :testing-fakes:classes UP-TO-DATE
> Task :testing-fakes:jar UP-TO-DATE
> Task :testing:compileKotlin UP-TO-DATE
> Task :testing:compileJava NO-SOURCE
> Task :testing:processResources UP-TO-DATE
> Task :testing:classes UP-TO-DATE
> Task :testing:jar UP-TO-DATE
> Task :core:navigation:checkKotlinGradlePluginConfigurationErrors SKIPPED
> Task :core:navigation:compileKotlin UP-TO-DATE
> Task :core:navigation:compileJava NO-SOURCE
> Task :core:navigation:processResources NO-SOURCE
> Task :core:navigation:classes UP-TO-DATE
> Task :core:navigation:jar UP-TO-DATE
> Task :core:export:preBuild UP-TO-DATE
> Task :core:export:preDebugBuild UP-TO-DATE
> Task :core:export:generateDebugResources UP-TO-DATE
> Task :core:export:packageDebugResources UP-TO-DATE
> Task :core:export:processDebugNavigationResources UP-TO-DATE
> Task :core:export:parseDebugLocalResources UP-TO-DATE
> Task :core:export:generateDebugRFile UP-TO-DATE
> Task :core:vault:preBuild UP-TO-DATE
> Task :core:vault:preFossDebugBuild UP-TO-DATE
> Task :core:vault:generateFossDebugResources UP-TO-DATE
> Task :core:vault:packageFossDebugResources UP-TO-DATE
> Task :core:vault:processFossDebugNavigationResources UP-TO-DATE
> Task :core:vault:parseFossDebugLocalResources UP-TO-DATE
> Task :core:vault:generateFossDebugRFile UP-TO-DATE
> Task :core:vault:compileFossDebugKotlin UP-TO-DATE
> Task :core:vault:javaPreCompileFossDebug UP-TO-DATE
> Task :core:vault:compileFossDebugJavaWithJavac NO-SOURCE
> Task :core:vault:bundleLibCompileToJarFossDebug UP-TO-DATE
> Task :core:export:compileDebugKotlin UP-TO-DATE
> Task :core:export:javaPreCompileDebug UP-TO-DATE
> Task :core:export:compileDebugJavaWithJavac NO-SOURCE
> Task :core:export:bundleLibRuntimeToJarDebug UP-TO-DATE
> Task :core:export:processDebugJavaRes UP-TO-DATE
> Task :core:rag:preBuild UP-TO-DATE
> Task :core:rag:preDebugBuild UP-TO-DATE
> Task :core:rag:generateDebugResources UP-TO-DATE
> Task :core:rag:packageDebugResources UP-TO-DATE
> Task :core:rag:processDebugNavigationResources UP-TO-DATE
> Task :core:rag:parseDebugLocalResources UP-TO-DATE
> Task :core:rag:generateDebugRFile UP-TO-DATE
> Task :core:security:preBuild UP-TO-DATE
> Task :core:security:preDebugBuild UP-TO-DATE
> Task :core:security:generateDebugResources UP-TO-DATE
> Task :core:security:packageDebugResources UP-TO-DATE
> Task :core:security:processDebugNavigationResources UP-TO-DATE
> Task :core:security:parseDebugLocalResources UP-TO-DATE
> Task :core:security:generateDebugRFile UP-TO-DATE
> Task :core:security:compileDebugKotlin UP-TO-DATE
> Task :core:security:javaPreCompileDebug UP-TO-DATE
> Task :core:security:compileDebugJavaWithJavac NO-SOURCE
> Task :core:security:bundleLibCompileToJarDebug UP-TO-DATE
> Task :core:rag:compileDebugKotlin UP-TO-DATE
> Task :core:rag:javaPreCompileDebug UP-TO-DATE
> Task :core:rag:compileDebugJavaWithJavac NO-SOURCE
> Task :core:rag:bundleLibRuntimeToJarDebug UP-TO-DATE
> Task :core:rag:processDebugJavaRes UP-TO-DATE
> Task :core:security:bundleLibRuntimeToJarDebug UP-TO-DATE
> Task :core:security:processDebugJavaRes UP-TO-DATE
> Task :core:vault:bundleLibRuntimeToJarFossDebug UP-TO-DATE
> Task :core:designsystem:processDebugUnitTestResources UP-TO-DATE
> Task :core:vault:processFossDebugJavaRes UP-TO-DATE
> Task :core:designsystem:packageDebugUnitTestForUnitTest UP-TO-DATE
> Task :core:designsystem:generateDebugUnitTestConfig UP-TO-DATE
> Task :core:rag:bundleLibCompileToJarDebug UP-TO-DATE
> Task :feature:chat:preBuild UP-TO-DATE
> Task :feature:chat:preDebugBuild UP-TO-DATE
> Task :feature:chat:generateDebugResources UP-TO-DATE
> Task :feature:chat:packageDebugResources UP-TO-DATE
> Task :feature:chat:processDebugNavigationResources UP-TO-DATE
> Task :feature:chat:parseDebugLocalResources UP-TO-DATE
> Task :feature:chat:generateDebugRFile UP-TO-DATE
> Task :core:export:bundleLibCompileToJarDebug UP-TO-DATE
> Task :feature:editor:preBuild UP-TO-DATE
> Task :feature:editor:preDebugBuild UP-TO-DATE
> Task :feature:editor:generateDebugResources UP-TO-DATE
> Task :feature:editor:packageDebugResources UP-TO-DATE
> Task :feature:editor:processDebugNavigationResources UP-TO-DATE
> Task :feature:editor:parseDebugLocalResources UP-TO-DATE
> Task :feature:editor:generateDebugRFile UP-TO-DATE
> Task :core:designsystem:compileDebugUnitTestKotlin UP-TO-DATE
> Task :core:designsystem:compileDebugUnitTestJavaWithJavac NO-SOURCE
> Task :core:designsystem:processDebugUnitTestJavaRes UP-TO-DATE
> Task :feature:shell:preBuild UP-TO-DATE
> Task :feature:shell:preDebugBuild UP-TO-DATE
> Task :feature:shell:generateDebugResources UP-TO-DATE
> Task :feature:shell:packageDebugResources UP-TO-DATE
> Task :feature:shell:processDebugNavigationResources UP-TO-DATE
> Task :feature:shell:parseDebugLocalResources UP-TO-DATE
> Task :feature:shell:generateDebugRFile UP-TO-DATE
> Task :feature:shell:compileDebugKotlin UP-TO-DATE
> Task :feature:shell:javaPreCompileDebug UP-TO-DATE
> Task :feature:shell:compileDebugJavaWithJavac NO-SOURCE
> Task :feature:shell:bundleLibCompileToJarDebug UP-TO-DATE
> Task :feature:timeline:preBuild UP-TO-DATE
> Task :feature:timeline:preDebugBuild UP-TO-DATE
> Task :feature:timeline:generateDebugResources UP-TO-DATE
> Task :feature:timeline:packageDebugResources UP-TO-DATE
> Task :feature:timeline:processDebugNavigationResources UP-TO-DATE
> Task :feature:timeline:parseDebugLocalResources UP-TO-DATE
> Task :feature:timeline:generateDebugRFile UP-TO-DATE
> Task :feature:timeline:compileDebugKotlin UP-TO-DATE
> Task :feature:timeline:javaPreCompileDebug UP-TO-DATE
> Task :feature:timeline:compileDebugJavaWithJavac NO-SOURCE
> Task :feature:timeline:bundleLibCompileToJarDebug UP-TO-DATE
> Task :feature:editor:compileDebugKotlin UP-TO-DATE
> Task :feature:editor:javaPreCompileDebug UP-TO-DATE
> Task :feature:editor:compileDebugJavaWithJavac NO-SOURCE
> Task :feature:editor:bundleLibCompileToJarDebug UP-TO-DATE
> Task :feature:chat:compileDebugKotlin UP-TO-DATE
> Task :feature:chat:javaPreCompileDebug UP-TO-DATE
> Task :feature:chat:compileDebugJavaWithJavac NO-SOURCE
> Task :feature:chat:bundleLibRuntimeToJarDebug UP-TO-DATE
> Task :feature:chat:bundleLibCompileToJarDebug UP-TO-DATE
> Task :feature:chat:preDebugUnitTestBuild UP-TO-DATE
> Task :core:export:mapDebugSourceSetPaths UP-TO-DATE
> Task :core:export:compileDebugLibraryResources UP-TO-DATE
> Task :core:rag:mapDebugSourceSetPaths UP-TO-DATE
> Task :core:rag:compileDebugLibraryResources UP-TO-DATE
> Task :core:security:mapDebugSourceSetPaths UP-TO-DATE
> Task :core:security:compileDebugLibraryResources UP-TO-DATE
> Task :core:vault:mapFossDebugSourceSetPaths UP-TO-DATE
> Task :core:vault:compileFossDebugLibraryResources UP-TO-DATE
> Task :core:export:writeDebugAarMetadata UP-TO-DATE
> Task :core:rag:writeDebugAarMetadata UP-TO-DATE
> Task :core:security:writeDebugAarMetadata UP-TO-DATE
> Task :core:vault:writeFossDebugAarMetadata UP-TO-DATE
> Task :feature:chat:writeDebugAarMetadata UP-TO-DATE
> Task :feature:editor:writeDebugAarMetadata UP-TO-DATE
> Task :feature:shell:writeDebugAarMetadata UP-TO-DATE
> Task :feature:timeline:writeDebugAarMetadata UP-TO-DATE
> Task :feature:chat:checkDebugUnitTestAarMetadata UP-TO-DATE
> Task :feature:chat:mapDebugSourceSetPaths UP-TO-DATE
> Task :feature:chat:compileDebugLibraryResources UP-TO-DATE
> Task :feature:chat:mapDebugUnitTestSourceSetPaths UP-TO-DATE
> Task :feature:chat:generateDebugUnitTestResources UP-TO-DATE
> Task :feature:chat:mergeDebugUnitTestResources UP-TO-DATE
> Task :core:export:extractDeepLinksDebug UP-TO-DATE
> Task :core:export:processDebugManifest UP-TO-DATE
> Task :core:rag:extractDeepLinksDebug UP-TO-DATE
> Task :core:rag:processDebugManifest UP-TO-DATE
> Task :core:security:extractDeepLinksDebug UP-TO-DATE
> Task :core:security:processDebugManifest UP-TO-DATE
> Task :core:vault:extractDeepLinksFossDebug UP-TO-DATE
> Task :core:vault:processFossDebugManifest UP-TO-DATE
> Task :feature:chat:extractDeepLinksDebug UP-TO-DATE
> Task :feature:chat:processDebugManifest UP-TO-DATE
> Task :feature:editor:extractDeepLinksDebug UP-TO-DATE
> Task :feature:editor:processDebugManifest UP-TO-DATE
> Task :feature:shell:extractDeepLinksDebug UP-TO-DATE
> Task :feature:shell:processDebugManifest UP-TO-DATE
> Task :feature:timeline:extractDeepLinksDebug UP-TO-DATE
> Task :feature:timeline:processDebugManifest UP-TO-DATE
> Task :feature:chat:mergeDebugUnitTestManifest UP-TO-DATE
> Task :feature:chat:processDebugUnitTestManifest UP-TO-DATE
> Task :feature:editor:mapDebugSourceSetPaths UP-TO-DATE
> Task :feature:editor:compileDebugLibraryResources UP-TO-DATE
> Task :feature:shell:mapDebugSourceSetPaths UP-TO-DATE
> Task :feature:shell:compileDebugLibraryResources UP-TO-DATE
> Task :feature:timeline:mapDebugSourceSetPaths UP-TO-DATE
> Task :feature:timeline:compileDebugLibraryResources UP-TO-DATE
> Task :feature:chat:processDebugUnitTestResources UP-TO-DATE
> Task :feature:chat:compileDebugUnitTestKotlin UP-TO-DATE
> Task :feature:chat:javaPreCompileDebugUnitTest UP-TO-DATE
> Task :feature:chat:compileDebugUnitTestJavaWithJavac NO-SOURCE
> Task :core:export:generateDebugAssets UP-TO-DATE
> Task :core:export:mergeDebugAssets UP-TO-DATE
> Task :core:rag:generateDebugAssets UP-TO-DATE
> Task :core:rag:mergeDebugAssets UP-TO-DATE
> Task :core:security:generateDebugAssets UP-TO-DATE
> Task :core:security:mergeDebugAssets UP-TO-DATE
> Task :core:vault:generateFossDebugAssets UP-TO-DATE
> Task :core:vault:mergeFossDebugAssets UP-TO-DATE
> Task :feature:chat:generateDebugUnitTestAssets UP-TO-DATE
> Task :feature:chat:generateDebugAssets UP-TO-DATE
> Task :feature:chat:mergeDebugAssets UP-TO-DATE
> Task :feature:editor:generateDebugAssets UP-TO-DATE
> Task :feature:editor:mergeDebugAssets UP-TO-DATE
> Task :feature:shell:generateDebugAssets UP-TO-DATE
> Task :feature:shell:mergeDebugAssets UP-TO-DATE
> Task :feature:timeline:generateDebugAssets UP-TO-DATE
> Task :feature:timeline:mergeDebugAssets UP-TO-DATE
> Task :feature:chat:mergeDebugUnitTestAssets UP-TO-DATE
> Task :feature:chat:packageDebugUnitTestForUnitTest UP-TO-DATE
> Task :feature:chat:generateDebugUnitTestConfig UP-TO-DATE
> Task :feature:chat:processDebugJavaRes UP-TO-DATE
> Task :feature:chat:processDebugUnitTestJavaRes UP-TO-DATE
> Task :feature:editor:bundleLibRuntimeToJarDebug UP-TO-DATE
> Task :feature:editor:processDebugJavaRes UP-TO-DATE
> Task :feature:shell:bundleLibRuntimeToJarDebug UP-TO-DATE
> Task :feature:shell:processDebugJavaRes UP-TO-DATE
> Task :feature:timeline:bundleLibRuntimeToJarDebug UP-TO-DATE
> Task :feature:timeline:processDebugJavaRes UP-TO-DATE
> Task :core:designsystem:testDebugUnitTest
> Task :core:designsystem:finalizeTestRoborazziDebug
> Task :core:designsystem:verifyRoborazziDebug
> Task :feature:editor:preDebugUnitTestBuild UP-TO-DATE
> Task :feature:editor:checkDebugUnitTestAarMetadata UP-TO-DATE
> Task :feature:editor:mapDebugUnitTestSourceSetPaths UP-TO-DATE
> Task :feature:editor:generateDebugUnitTestResources UP-TO-DATE
> Task :feature:editor:mergeDebugUnitTestResources UP-TO-DATE
> Task :feature:editor:mergeDebugUnitTestManifest UP-TO-DATE
> Task :feature:editor:processDebugUnitTestManifest UP-TO-DATE
> Task :feature:editor:processDebugUnitTestResources UP-TO-DATE
> Task :feature:editor:compileDebugUnitTestKotlin UP-TO-DATE
> Task :feature:editor:javaPreCompileDebugUnitTest UP-TO-DATE
> Task :feature:editor:compileDebugUnitTestJavaWithJavac NO-SOURCE
> Task :feature:editor:generateDebugUnitTestAssets UP-TO-DATE
> Task :feature:editor:mergeDebugUnitTestAssets UP-TO-DATE
> Task :feature:editor:packageDebugUnitTestForUnitTest UP-TO-DATE
> Task :feature:editor:generateDebugUnitTestConfig UP-TO-DATE
> Task :feature:editor:processDebugUnitTestJavaRes UP-TO-DATE
> Task :feature:chat:testDebugUnitTest
> Task :feature:chat:finalizeTestRoborazziDebug
> Task :feature:chat:verifyRoborazziDebug
> Task :feature:graph:preBuild UP-TO-DATE
> Task :feature:graph:preDebugBuild UP-TO-DATE
> Task :feature:graph:generateDebugResources UP-TO-DATE
> Task :feature:graph:packageDebugResources UP-TO-DATE
> Task :feature:graph:processDebugNavigationResources UP-TO-DATE
> Task :feature:graph:parseDebugLocalResources UP-TO-DATE
> Task :feature:graph:generateDebugRFile UP-TO-DATE
> Task :feature:graph:compileDebugKotlin UP-TO-DATE
> Task :feature:graph:javaPreCompileDebug UP-TO-DATE
> Task :feature:graph:compileDebugJavaWithJavac NO-SOURCE
> Task :feature:graph:bundleLibRuntimeToJarDebug UP-TO-DATE
> Task :feature:graph:bundleLibCompileToJarDebug UP-TO-DATE
> Task :feature:graph:preDebugUnitTestBuild UP-TO-DATE
> Task :feature:graph:writeDebugAarMetadata UP-TO-DATE
> Task :feature:graph:checkDebugUnitTestAarMetadata UP-TO-DATE
> Task :feature:graph:mapDebugSourceSetPaths UP-TO-DATE
> Task :feature:graph:compileDebugLibraryResources UP-TO-DATE
> Task :feature:graph:mapDebugUnitTestSourceSetPaths UP-TO-DATE
> Task :feature:graph:generateDebugUnitTestResources UP-TO-DATE
> Task :feature:graph:mergeDebugUnitTestResources UP-TO-DATE
> Task :feature:graph:extractDeepLinksDebug UP-TO-DATE
> Task :feature:graph:processDebugManifest UP-TO-DATE
> Task :feature:graph:mergeDebugUnitTestManifest UP-TO-DATE
> Task :feature:graph:processDebugUnitTestManifest UP-TO-DATE
> Task :feature:graph:processDebugUnitTestResources UP-TO-DATE
> Task :feature:graph:compileDebugUnitTestKotlin UP-TO-DATE
> Task :feature:graph:javaPreCompileDebugUnitTest UP-TO-DATE
> Task :feature:graph:compileDebugUnitTestJavaWithJavac NO-SOURCE
> Task :feature:graph:generateDebugUnitTestAssets UP-TO-DATE
> Task :feature:graph:generateDebugAssets UP-TO-DATE
> Task :feature:graph:mergeDebugAssets UP-TO-DATE
> Task :feature:graph:mergeDebugUnitTestAssets UP-TO-DATE
> Task :feature:graph:packageDebugUnitTestForUnitTest UP-TO-DATE
> Task :feature:graph:generateDebugUnitTestConfig UP-TO-DATE
> Task :feature:graph:processDebugJavaRes UP-TO-DATE
> Task :feature:graph:processDebugUnitTestJavaRes UP-TO-DATE
> Task :feature:graph:testDebugUnitTest
> Task :feature:graph:finalizeTestRoborazziDebug
> Task :feature:graph:verifyRoborazziDebug
> Task :feature:models:preBuild UP-TO-DATE
> Task :feature:models:preDebugBuild UP-TO-DATE
> Task :feature:models:generateDebugResources UP-TO-DATE
> Task :feature:models:packageDebugResources UP-TO-DATE
> Task :feature:models:processDebugNavigationResources UP-TO-DATE
> Task :feature:models:parseDebugLocalResources UP-TO-DATE
> Task :feature:models:generateDebugRFile UP-TO-DATE
> Task :feature:models:compileDebugKotlin UP-TO-DATE
> Task :feature:models:javaPreCompileDebug UP-TO-DATE
> Task :feature:models:compileDebugJavaWithJavac NO-SOURCE
> Task :feature:models:bundleLibRuntimeToJarDebug UP-TO-DATE
> Task :feature:models:bundleLibCompileToJarDebug UP-TO-DATE
> Task :feature:models:preDebugUnitTestBuild UP-TO-DATE
> Task :feature:models:writeDebugAarMetadata UP-TO-DATE
> Task :feature:models:checkDebugUnitTestAarMetadata UP-TO-DATE
> Task :feature:models:mapDebugSourceSetPaths UP-TO-DATE
> Task :feature:models:compileDebugLibraryResources UP-TO-DATE
> Task :feature:models:mapDebugUnitTestSourceSetPaths UP-TO-DATE
> Task :feature:models:generateDebugUnitTestResources UP-TO-DATE
> Task :feature:models:mergeDebugUnitTestResources UP-TO-DATE
> Task :feature:models:extractDeepLinksDebug UP-TO-DATE
> Task :feature:models:processDebugManifest UP-TO-DATE
> Task :feature:models:mergeDebugUnitTestManifest UP-TO-DATE
> Task :feature:models:processDebugUnitTestManifest UP-TO-DATE
> Task :feature:models:processDebugUnitTestResources UP-TO-DATE
> Task :feature:models:compileDebugUnitTestKotlin UP-TO-DATE
> Task :feature:models:javaPreCompileDebugUnitTest UP-TO-DATE
> Task :feature:models:compileDebugUnitTestJavaWithJavac NO-SOURCE
> Task :feature:models:generateDebugUnitTestAssets UP-TO-DATE
> Task :feature:models:generateDebugAssets UP-TO-DATE
> Task :feature:models:mergeDebugAssets UP-TO-DATE
> Task :feature:models:mergeDebugUnitTestAssets UP-TO-DATE
> Task :feature:models:packageDebugUnitTestForUnitTest UP-TO-DATE
> Task :feature:models:generateDebugUnitTestConfig UP-TO-DATE
> Task :feature:models:processDebugJavaRes UP-TO-DATE
> Task :feature:models:processDebugUnitTestJavaRes UP-TO-DATE
> Task :feature:editor:testDebugUnitTest
> Task :feature:editor:finalizeTestRoborazziDebug
> Task :feature:editor:verifyRoborazziDebug
> Task :feature:settings:preBuild UP-TO-DATE
> Task :feature:settings:preDebugBuild UP-TO-DATE
> Task :feature:settings:generateDebugResources UP-TO-DATE
> Task :feature:settings:packageDebugResources UP-TO-DATE
> Task :feature:settings:processDebugNavigationResources UP-TO-DATE
> Task :feature:settings:parseDebugLocalResources UP-TO-DATE
> Task :feature:settings:generateDebugRFile UP-TO-DATE
> Task :feature:settings:compileDebugKotlin UP-TO-DATE
> Task :feature:settings:javaPreCompileDebug UP-TO-DATE
> Task :feature:settings:compileDebugJavaWithJavac NO-SOURCE
> Task :feature:settings:bundleLibRuntimeToJarDebug UP-TO-DATE
> Task :feature:settings:bundleLibCompileToJarDebug UP-TO-DATE
> Task :feature:settings:preDebugUnitTestBuild UP-TO-DATE
> Task :feature:settings:writeDebugAarMetadata UP-TO-DATE
> Task :feature:settings:checkDebugUnitTestAarMetadata UP-TO-DATE
> Task :feature:settings:mapDebugSourceSetPaths UP-TO-DATE
> Task :feature:settings:compileDebugLibraryResources UP-TO-DATE
> Task :feature:settings:mapDebugUnitTestSourceSetPaths UP-TO-DATE
> Task :feature:settings:generateDebugUnitTestResources UP-TO-DATE
> Task :feature:settings:mergeDebugUnitTestResources UP-TO-DATE
> Task :feature:settings:extractDeepLinksDebug UP-TO-DATE
> Task :feature:settings:processDebugManifest UP-TO-DATE
> Task :feature:settings:mergeDebugUnitTestManifest UP-TO-DATE
> Task :feature:settings:processDebugUnitTestManifest UP-TO-DATE
> Task :feature:settings:processDebugUnitTestResources UP-TO-DATE
> Task :feature:settings:compileDebugUnitTestKotlin UP-TO-DATE
> Task :feature:settings:javaPreCompileDebugUnitTest UP-TO-DATE
> Task :feature:settings:compileDebugUnitTestJavaWithJavac NO-SOURCE
> Task :feature:settings:generateDebugUnitTestAssets UP-TO-DATE
> Task :feature:settings:generateDebugAssets UP-TO-DATE
> Task :feature:settings:mergeDebugAssets UP-TO-DATE
> Task :feature:settings:mergeDebugUnitTestAssets UP-TO-DATE
> Task :feature:settings:packageDebugUnitTestForUnitTest UP-TO-DATE
> Task :feature:settings:generateDebugUnitTestConfig UP-TO-DATE
> Task :feature:settings:processDebugJavaRes UP-TO-DATE
> Task :feature:settings:processDebugUnitTestJavaRes UP-TO-DATE
> Task :feature:settings:testDebugUnitTest
> Task :feature:settings:finalizeTestRoborazziDebug
> Task :feature:settings:verifyRoborazziDebug
> Task :feature:shell:preDebugUnitTestBuild UP-TO-DATE
> Task :feature:shell:checkDebugUnitTestAarMetadata UP-TO-DATE
> Task :feature:shell:mapDebugUnitTestSourceSetPaths UP-TO-DATE
> Task :feature:shell:generateDebugUnitTestResources UP-TO-DATE
> Task :feature:shell:mergeDebugUnitTestResources UP-TO-DATE
> Task :feature:shell:mergeDebugUnitTestManifest UP-TO-DATE
> Task :feature:shell:processDebugUnitTestManifest UP-TO-DATE
> Task :feature:shell:processDebugUnitTestResources UP-TO-DATE
> Task :feature:shell:compileDebugUnitTestKotlin UP-TO-DATE
> Task :feature:shell:javaPreCompileDebugUnitTest UP-TO-DATE
> Task :feature:shell:compileDebugUnitTestJavaWithJavac NO-SOURCE
> Task :feature:shell:generateDebugUnitTestAssets UP-TO-DATE
> Task :feature:shell:mergeDebugUnitTestAssets UP-TO-DATE
> Task :feature:shell:packageDebugUnitTestForUnitTest UP-TO-DATE
> Task :feature:shell:generateDebugUnitTestConfig UP-TO-DATE
> Task :feature:shell:processDebugUnitTestJavaRes UP-TO-DATE
> Task :feature:models:testDebugUnitTest
> Task :feature:models:finalizeTestRoborazziDebug
> Task :feature:models:verifyRoborazziDebug
> Task :feature:timeline:preDebugUnitTestBuild UP-TO-DATE
> Task :feature:timeline:checkDebugUnitTestAarMetadata UP-TO-DATE
> Task :feature:timeline:mapDebugUnitTestSourceSetPaths UP-TO-DATE
> Task :feature:timeline:generateDebugUnitTestResources UP-TO-DATE
> Task :feature:timeline:mergeDebugUnitTestResources UP-TO-DATE
> Task :feature:timeline:mergeDebugUnitTestManifest UP-TO-DATE
> Task :feature:timeline:processDebugUnitTestManifest UP-TO-DATE
> Task :feature:timeline:processDebugUnitTestResources UP-TO-DATE
> Task :feature:timeline:compileDebugUnitTestKotlin UP-TO-DATE
> Task :feature:timeline:javaPreCompileDebugUnitTest UP-TO-DATE
> Task :feature:timeline:compileDebugUnitTestJavaWithJavac NO-SOURCE
> Task :feature:timeline:generateDebugUnitTestAssets UP-TO-DATE
> Task :feature:timeline:mergeDebugUnitTestAssets UP-TO-DATE
> Task :feature:timeline:packageDebugUnitTestForUnitTest UP-TO-DATE
> Task :feature:timeline:generateDebugUnitTestConfig UP-TO-DATE
> Task :feature:timeline:processDebugUnitTestJavaRes UP-TO-DATE
> Task :feature:timeline:testDebugUnitTest
> Task :feature:timeline:finalizeTestRoborazziDebug
> Task :feature:timeline:verifyRoborazziDebug
> Task :feature:shell:testDebugUnitTest
> Task :feature:shell:verifyRoborazziDebug
> Task :feature:shell:finalizeTestRoborazziDebug

BUILD SUCCESSFUL in 1m 6s
340 actionable tasks: 16 executed, 324 up-to-date
Configuration cache entry reused.
