To honour the JVM settings for this build a single-use Daemon process will be forked. For more on this, please refer to https://docs.gradle.org/9.7.1/userguide/gradle_daemon.html#sec:disabling_the_daemon in the Gradle documentation.
Daemon will be stopped at the end of the build 
Calculating task graph as no cached configuration is available for tasks: connectedDevDebugAndroidTest
> Task :build-logic:guards:checkKotlinGradlePluginConfigurationErrors SKIPPED
> Task :build-logic:guards:compileKotlin UP-TO-DATE
> Task :build-logic:guards:compileJava NO-SOURCE
> Task :build-logic:guards:pluginDescriptors UP-TO-DATE
> Task :build-logic:guards:processResources UP-TO-DATE
> Task :build-logic:guards:classes UP-TO-DATE
> Task :build-logic:guards:jar UP-TO-DATE
> Task :testing:checkKotlinGradlePluginConfigurationErrors SKIPPED
> Task :testing-fakes:checkKotlinGradlePluginConfigurationErrors SKIPPED
> Task :core:model:checkKotlinGradlePluginConfigurationErrors SKIPPED
> Task :core:model:processResources UP-TO-DATE
> Task :testing-fakes:processResources NO-SOURCE
> Task :testing:processResources UP-TO-DATE
> Task :core:verify:checkKotlinGradlePluginConfigurationErrors SKIPPED
> Task :core:verify:processResources NO-SOURCE
> Task :core:navigation:checkKotlinGradlePluginConfigurationErrors SKIPPED
> Task :core:navigation:compileKotlin UP-TO-DATE
> Task :core:model:compileKotlin UP-TO-DATE
> Task :core:navigation:compileJava NO-SOURCE
> Task :core:model:compileJava NO-SOURCE
> Task :core:model:classes UP-TO-DATE
> Task :core:navigation:processResources NO-SOURCE
> Task :core:navigation:classes UP-TO-DATE
> Task :core:model:jar UP-TO-DATE
> Task :core:navigation:jar UP-TO-DATE
> Task :core:verify:compileKotlin UP-TO-DATE
> Task :core:verify:compileJava NO-SOURCE
> Task :core:verify:classes UP-TO-DATE
> Task :core:verify:jar UP-TO-DATE
> Task :testing-fakes:compileKotlin UP-TO-DATE
> Task :testing-fakes:compileJava NO-SOURCE
> Task :testing-fakes:classes UP-TO-DATE
> Task :core:markdown:checkKotlinGradlePluginConfigurationErrors SKIPPED
> Task :testing-fakes:jar UP-TO-DATE
> Task :testing:compileKotlin UP-TO-DATE
> Task :core:markdown:compileKotlin UP-TO-DATE
> Task :testing:compileJava NO-SOURCE
> Task :testing:classes UP-TO-DATE
> Task :core:markdown:compileJava NO-SOURCE
> Task :core:markdown:processResources NO-SOURCE
> Task :core:markdown:classes UP-TO-DATE
> Task :testing:jar UP-TO-DATE
> Task :app:preBuild UP-TO-DATE
> Task :core:markdown:jar UP-TO-DATE
> Task :app:preDevDebugBuild UP-TO-DATE
> Task :app:generateDevDebugBuildConfig UP-TO-DATE
> Task :embedder-service:preBuild UP-TO-DATE
> Task :embedder-service:preDebugBuild UP-TO-DATE
> Task :app:generateDevDebugResources UP-TO-DATE
> Task :embedder-service:processDebugNavigationResources UP-TO-DATE
> Task :inference-service:preBuild UP-TO-DATE
> Task :inference-service:preDevDebugBuild UP-TO-DATE
> Task :inference-service:processDevDebugNavigationResources UP-TO-DATE
> Task :core:designsystem:preBuild UP-TO-DATE
> Task :core:designsystem:preDebugBuild UP-TO-DATE
> Task :app:packageDevDebugResources UP-TO-DATE
> Task :core:export:preBuild UP-TO-DATE
> Task :core:export:preDebugBuild UP-TO-DATE
> Task :core:designsystem:processDebugNavigationResources UP-TO-DATE
> Task :core:inference:preBuild UP-TO-DATE
> Task :core:inference:preDebugBuild UP-TO-DATE
> Task :core:export:processDebugNavigationResources UP-TO-DATE
> Task :core:ipc:preBuild UP-TO-DATE
> Task :core:ipc:preDebugBuild UP-TO-DATE
> Task :core:inference:processDebugNavigationResources UP-TO-DATE
> Task :core:rag:preBuild UP-TO-DATE
> Task :core:rag:preDebugBuild UP-TO-DATE
> Task :core:ipc:processDebugNavigationResources UP-TO-DATE
> Task :core:rag:processDebugNavigationResources UP-TO-DATE
> Task :core:security:preBuild UP-TO-DATE
> Task :core:vault:preBuild UP-TO-DATE
> Task :core:security:preDebugBuild UP-TO-DATE
> Task :core:vault:preDevDebugBuild UP-TO-DATE
> Task :core:security:processDebugNavigationResources UP-TO-DATE
> Task :core:vault:processDevDebugNavigationResources UP-TO-DATE
> Task :feature:chat:preBuild UP-TO-DATE
> Task :feature:editor:preBuild UP-TO-DATE
> Task :feature:chat:preDebugBuild UP-TO-DATE
> Task :feature:editor:preDebugBuild UP-TO-DATE
> Task :feature:chat:processDebugNavigationResources UP-TO-DATE
> Task :feature:editor:processDebugNavigationResources UP-TO-DATE
> Task :feature:graph:preBuild UP-TO-DATE
> Task :feature:graph:preDebugBuild UP-TO-DATE
> Task :feature:models:preBuild UP-TO-DATE
> Task :feature:models:preDebugBuild UP-TO-DATE
> Task :feature:models:processDebugNavigationResources UP-TO-DATE
> Task :feature:graph:processDebugNavigationResources UP-TO-DATE
> Task :feature:settings:preBuild UP-TO-DATE
> Task :feature:shell:preBuild UP-TO-DATE
> Task :feature:settings:preDebugBuild UP-TO-DATE
> Task :feature:shell:preDebugBuild UP-TO-DATE
> Task :feature:settings:processDebugNavigationResources UP-TO-DATE
> Task :feature:shell:processDebugNavigationResources UP-TO-DATE
> Task :feature:timeline:preBuild UP-TO-DATE
> Task :feature:timeline:preDebugBuild UP-TO-DATE
> Task :embedder-service:generateDebugResources UP-TO-DATE
> Task :feature:timeline:processDebugNavigationResources UP-TO-DATE
> Task :embedder-service:packageDebugResources UP-TO-DATE
> Task :embedder-service:parseDebugLocalResources UP-TO-DATE
> Task :embedder-service:generateDebugRFile UP-TO-DATE
> Task :core:ipc:compileDebugAidl UP-TO-DATE
> Task :core:ipc:generateDebugResources UP-TO-DATE
> Task :core:ipc:packageDebugResources UP-TO-DATE
> Task :core:ipc:parseDebugLocalResources UP-TO-DATE
> Task :core:ipc:generateDebugRFile UP-TO-DATE
> Task :core:ipc:compileDebugKotlin UP-TO-DATE
> Task :core:ipc:javaPreCompileDebug UP-TO-DATE
> Task :core:ipc:compileDebugJavaWithJavac UP-TO-DATE
> Task :core:ipc:bundleLibCompileToJarDebug UP-TO-DATE
> Task :embedder-service:compileDebugKotlin UP-TO-DATE
> Task :embedder-service:javaPreCompileDebug UP-TO-DATE
> Task :embedder-service:compileDebugJavaWithJavac NO-SOURCE
> Task :embedder-service:bundleLibCompileToJarDebug UP-TO-DATE
> Task :inference-service:generateDevDebugBuildConfig UP-TO-DATE
> Task :inference-service:generateDevDebugResources UP-TO-DATE
> Task :inference-service:packageDevDebugResources UP-TO-DATE
> Task :inference-service:parseDevDebugLocalResources UP-TO-DATE
> Task :inference-service:generateDevDebugRFile UP-TO-DATE
> Task :inference-service:compileDevDebugKotlin UP-TO-DATE
> Task :inference-service:javaPreCompileDevDebug UP-TO-DATE
> Task :inference-service:compileDevDebugJavaWithJavac UP-TO-DATE
> Task :inference-service:bundleLibCompileToJarDevDebug UP-TO-DATE
> Task :core:designsystem:generateDebugResources UP-TO-DATE
> Task :core:designsystem:packageDebugResources UP-TO-DATE
> Task :core:designsystem:parseDebugLocalResources UP-TO-DATE
> Task :core:designsystem:generateDebugRFile UP-TO-DATE
> Task :core:designsystem:compileDebugKotlin UP-TO-DATE
> Task :core:designsystem:javaPreCompileDebug UP-TO-DATE
> Task :core:designsystem:compileDebugJavaWithJavac NO-SOURCE
> Task :core:designsystem:bundleLibCompileToJarDebug UP-TO-DATE
> Task :core:export:generateDebugResources UP-TO-DATE
> Task :core:export:packageDebugResources UP-TO-DATE
> Task :core:export:parseDebugLocalResources UP-TO-DATE
> Task :core:export:generateDebugRFile UP-TO-DATE
> Task :core:vault:preFossDebugBuild UP-TO-DATE
> Task :core:vault:generateFossDebugResources UP-TO-DATE
> Task :core:vault:packageFossDebugResources UP-TO-DATE
> Task :core:vault:processFossDebugNavigationResources UP-TO-DATE
> Task :core:vault:parseFossDebugLocalResources UP-TO-DATE
> Task :core:vault:generateFossDebugRFile UP-TO-DATE
> Task :app:processDevDebugNavigationResources UP-TO-DATE
> Task :app:parseDevDebugLocalResources UP-TO-DATE
> Task :app:generateDevDebugRFile UP-TO-DATE
> Task :core:vault:javaPreCompileFossDebug UP-TO-DATE
> Task :core:export:javaPreCompileDebug UP-TO-DATE
> Task :core:inference:generateDebugResources UP-TO-DATE
> Task :core:inference:packageDebugResources UP-TO-DATE
> Task :core:inference:parseDebugLocalResources UP-TO-DATE
> Task :core:inference:generateDebugRFile UP-TO-DATE
> Task :core:inference:compileDebugKotlin UP-TO-DATE
> Task :core:inference:javaPreCompileDebug UP-TO-DATE
> Task :core:inference:compileDebugJavaWithJavac NO-SOURCE
> Task :core:inference:bundleLibCompileToJarDebug UP-TO-DATE
> Task :core:rag:generateDebugResources UP-TO-DATE
> Task :core:rag:packageDebugResources UP-TO-DATE
> Task :core:rag:parseDebugLocalResources UP-TO-DATE
> Task :core:rag:generateDebugRFile UP-TO-DATE
> Task :core:security:generateDebugResources UP-TO-DATE
> Task :core:security:packageDebugResources UP-TO-DATE
> Task :core:security:parseDebugLocalResources UP-TO-DATE
> Task :core:security:generateDebugRFile UP-TO-DATE
> Task :core:vault:compileFossDebugKotlin UP-TO-DATE
> Task :core:vault:compileFossDebugJavaWithJavac NO-SOURCE
> Task :core:security:compileDebugKotlin UP-TO-DATE
> Task :core:vault:bundleLibCompileToJarFossDebug UP-TO-DATE
> Task :core:security:javaPreCompileDebug UP-TO-DATE
> Task :core:security:compileDebugJavaWithJavac NO-SOURCE
> Task :core:security:bundleLibCompileToJarDebug UP-TO-DATE
> Task :core:export:compileDebugKotlin UP-TO-DATE
> Task :core:export:compileDebugJavaWithJavac NO-SOURCE
> Task :core:export:bundleLibCompileToJarDebug UP-TO-DATE
> Task :core:rag:javaPreCompileDebug UP-TO-DATE
> Task :core:vault:generateDevDebugResources UP-TO-DATE
> Task :core:vault:packageDevDebugResources UP-TO-DATE
> Task :core:vault:parseDevDebugLocalResources UP-TO-DATE
> Task :core:vault:generateDevDebugRFile UP-TO-DATE
> Task :core:rag:compileDebugKotlin UP-TO-DATE
> Task :core:rag:compileDebugJavaWithJavac NO-SOURCE
> Task :core:rag:bundleLibCompileToJarDebug UP-TO-DATE
> Task :core:vault:javaPreCompileDevDebug UP-TO-DATE
> Task :feature:chat:generateDebugResources UP-TO-DATE
> Task :feature:chat:packageDebugResources UP-TO-DATE
> Task :feature:chat:parseDebugLocalResources UP-TO-DATE
> Task :feature:chat:generateDebugRFile UP-TO-DATE
> Task :feature:editor:generateDebugResources UP-TO-DATE
> Task :feature:editor:packageDebugResources UP-TO-DATE
> Task :feature:editor:parseDebugLocalResources UP-TO-DATE
> Task :feature:editor:generateDebugRFile UP-TO-DATE
> Task :feature:shell:generateDebugResources UP-TO-DATE
> Task :feature:shell:packageDebugResources UP-TO-DATE
> Task :feature:shell:parseDebugLocalResources UP-TO-DATE
> Task :feature:shell:generateDebugRFile UP-TO-DATE
> Task :core:vault:compileDevDebugKotlin UP-TO-DATE
> Task :core:vault:compileDevDebugJavaWithJavac NO-SOURCE
> Task :core:vault:bundleLibCompileToJarDevDebug UP-TO-DATE
> Task :feature:shell:javaPreCompileDebug UP-TO-DATE
> Task :feature:timeline:generateDebugResources UP-TO-DATE
> Task :feature:timeline:packageDebugResources UP-TO-DATE
> Task :feature:timeline:parseDebugLocalResources UP-TO-DATE
> Task :feature:timeline:generateDebugRFile UP-TO-DATE
> Task :feature:timeline:compileDebugKotlin UP-TO-DATE
> Task :feature:shell:compileDebugKotlin UP-TO-DATE
> Task :feature:timeline:javaPreCompileDebug UP-TO-DATE
> Task :feature:shell:compileDebugJavaWithJavac NO-SOURCE
> Task :feature:timeline:compileDebugJavaWithJavac NO-SOURCE
> Task :feature:shell:bundleLibCompileToJarDebug UP-TO-DATE
> Task :feature:timeline:bundleLibCompileToJarDebug UP-TO-DATE
> Task :feature:editor:javaPreCompileDebug UP-TO-DATE
> Task :feature:chat:javaPreCompileDebug UP-TO-DATE
> Task :feature:graph:generateDebugResources UP-TO-DATE
> Task :feature:graph:packageDebugResources UP-TO-DATE
> Task :feature:graph:parseDebugLocalResources UP-TO-DATE
> Task :feature:graph:generateDebugRFile UP-TO-DATE
> Task :feature:graph:compileDebugKotlin UP-TO-DATE
> Task :feature:editor:compileDebugKotlin UP-TO-DATE
> Task :feature:graph:javaPreCompileDebug UP-TO-DATE
> Task :feature:editor:compileDebugJavaWithJavac NO-SOURCE
> Task :feature:graph:compileDebugJavaWithJavac NO-SOURCE
> Task :feature:editor:bundleLibCompileToJarDebug UP-TO-DATE
> Task :feature:graph:bundleLibCompileToJarDebug UP-TO-DATE
> Task :feature:models:generateDebugResources UP-TO-DATE
> Task :feature:models:packageDebugResources UP-TO-DATE
> Task :feature:models:parseDebugLocalResources UP-TO-DATE
> Task :feature:models:generateDebugRFile UP-TO-DATE
> Task :feature:models:compileDebugKotlin UP-TO-DATE
> Task :feature:models:javaPreCompileDebug UP-TO-DATE
> Task :feature:models:compileDebugJavaWithJavac NO-SOURCE
> Task :feature:models:bundleLibCompileToJarDebug UP-TO-DATE
> Task :feature:settings:generateDebugResources UP-TO-DATE
> Task :feature:settings:packageDebugResources UP-TO-DATE
> Task :feature:chat:compileDebugKotlin UP-TO-DATE
> Task :feature:settings:parseDebugLocalResources UP-TO-DATE
> Task :feature:settings:generateDebugRFile UP-TO-DATE
> Task :feature:chat:compileDebugJavaWithJavac NO-SOURCE
> Task :feature:chat:bundleLibCompileToJarDebug UP-TO-DATE
> Task :feature:settings:javaPreCompileDebug UP-TO-DATE
> Task :app:javaPreCompileDevDebug UP-TO-DATE
> Task :embedder-service:writeDebugAarMetadata UP-TO-DATE
> Task :inference-service:writeDevDebugAarMetadata UP-TO-DATE
> Task :core:designsystem:writeDebugAarMetadata UP-TO-DATE
> Task :core:export:writeDebugAarMetadata UP-TO-DATE
> Task :core:inference:writeDebugAarMetadata UP-TO-DATE
> Task :core:ipc:writeDebugAarMetadata UP-TO-DATE
> Task :core:rag:writeDebugAarMetadata UP-TO-DATE
> Task :core:security:writeDebugAarMetadata UP-TO-DATE
> Task :core:vault:writeDevDebugAarMetadata UP-TO-DATE
> Task :feature:chat:writeDebugAarMetadata UP-TO-DATE
> Task :feature:editor:writeDebugAarMetadata UP-TO-DATE
> Task :feature:graph:writeDebugAarMetadata UP-TO-DATE
> Task :feature:models:writeDebugAarMetadata UP-TO-DATE
> Task :feature:settings:writeDebugAarMetadata UP-TO-DATE
> Task :feature:shell:writeDebugAarMetadata UP-TO-DATE
> Task :feature:timeline:writeDebugAarMetadata UP-TO-DATE
> Task :feature:settings:compileDebugKotlin UP-TO-DATE
> Task :feature:settings:compileDebugJavaWithJavac NO-SOURCE
> Task :feature:settings:bundleLibCompileToJarDebug UP-TO-DATE
> Task :app:checkDevDebugAarMetadata UP-TO-DATE
> Task :app:mapDevDebugSourceSetPaths UP-TO-DATE
> Task :app:compileDevDebugNavigationResources UP-TO-DATE
> Task :app:compileDevDebugKotlin UP-TO-DATE
> Task :app:compileDevDebugJavaWithJavac UP-TO-DATE
> Task :app:createDevDebugCompatibleScreenManifests UP-TO-DATE
> Task :app:extractDeepLinksDevDebug UP-TO-DATE
> Task :embedder-service:extractDeepLinksDebug UP-TO-DATE
> Task :embedder-service:processDebugManifest UP-TO-DATE
> Task :inference-service:extractDeepLinksDevDebug UP-TO-DATE
> Task :inference-service:processDevDebugManifest UP-TO-DATE
> Task :core:designsystem:extractDeepLinksDebug UP-TO-DATE
> Task :core:designsystem:processDebugManifest UP-TO-DATE
> Task :core:export:extractDeepLinksDebug UP-TO-DATE
> Task :core:export:processDebugManifest UP-TO-DATE
> Task :core:inference:extractDeepLinksDebug UP-TO-DATE
> Task :core:inference:processDebugManifest UP-TO-DATE
> Task :core:ipc:extractDeepLinksDebug UP-TO-DATE
> Task :core:ipc:processDebugManifest UP-TO-DATE
> Task :core:rag:extractDeepLinksDebug UP-TO-DATE
> Task :core:rag:processDebugManifest UP-TO-DATE
> Task :core:security:extractDeepLinksDebug UP-TO-DATE
> Task :core:security:processDebugManifest UP-TO-DATE
> Task :core:vault:extractDeepLinksDevDebug UP-TO-DATE
> Task :core:vault:processDevDebugManifest UP-TO-DATE
> Task :feature:chat:extractDeepLinksDebug UP-TO-DATE
> Task :feature:chat:processDebugManifest UP-TO-DATE
> Task :feature:editor:extractDeepLinksDebug UP-TO-DATE
> Task :feature:editor:processDebugManifest UP-TO-DATE
> Task :feature:graph:extractDeepLinksDebug UP-TO-DATE
> Task :feature:graph:processDebugManifest UP-TO-DATE
> Task :feature:models:extractDeepLinksDebug UP-TO-DATE
> Task :feature:models:processDebugManifest UP-TO-DATE
> Task :feature:settings:extractDeepLinksDebug UP-TO-DATE
> Task :feature:settings:processDebugManifest UP-TO-DATE
> Task :feature:shell:extractDeepLinksDebug UP-TO-DATE
> Task :feature:shell:processDebugManifest UP-TO-DATE
> Task :feature:timeline:extractDeepLinksDebug UP-TO-DATE
> Task :feature:timeline:processDebugManifest UP-TO-DATE
> Task :app:mergeDevDebugResources UP-TO-DATE
> Task :embedder-service:mapDebugSourceSetPaths UP-TO-DATE
> Task :embedder-service:compileDebugLibraryResources UP-TO-DATE
> Task :inference-service:mapDevDebugSourceSetPaths UP-TO-DATE
> Task :inference-service:compileDevDebugLibraryResources UP-TO-DATE
> Task :core:designsystem:mapDebugSourceSetPaths UP-TO-DATE
> Task :core:designsystem:compileDebugLibraryResources UP-TO-DATE
> Task :core:export:mapDebugSourceSetPaths UP-TO-DATE
> Task :core:export:compileDebugLibraryResources UP-TO-DATE
> Task :core:inference:mapDebugSourceSetPaths UP-TO-DATE
> Task :core:inference:compileDebugLibraryResources UP-TO-DATE
> Task :core:ipc:mapDebugSourceSetPaths UP-TO-DATE
> Task :core:ipc:compileDebugLibraryResources UP-TO-DATE
> Task :core:rag:mapDebugSourceSetPaths UP-TO-DATE
> Task :core:rag:compileDebugLibraryResources UP-TO-DATE
> Task :core:security:mapDebugSourceSetPaths UP-TO-DATE
> Task :core:security:compileDebugLibraryResources UP-TO-DATE
> Task :core:vault:mapDevDebugSourceSetPaths UP-TO-DATE
> Task :core:vault:compileDevDebugLibraryResources UP-TO-DATE
> Task :feature:chat:mapDebugSourceSetPaths UP-TO-DATE
> Task :feature:chat:compileDebugLibraryResources UP-TO-DATE
> Task :feature:editor:mapDebugSourceSetPaths UP-TO-DATE
> Task :feature:editor:compileDebugLibraryResources UP-TO-DATE
> Task :feature:graph:mapDebugSourceSetPaths UP-TO-DATE
> Task :feature:graph:compileDebugLibraryResources UP-TO-DATE
> Task :feature:models:mapDebugSourceSetPaths UP-TO-DATE
> Task :feature:models:compileDebugLibraryResources UP-TO-DATE
> Task :feature:settings:mapDebugSourceSetPaths UP-TO-DATE
> Task :feature:settings:compileDebugLibraryResources UP-TO-DATE
> Task :feature:shell:mapDebugSourceSetPaths UP-TO-DATE
> Task :feature:shell:compileDebugLibraryResources UP-TO-DATE
> Task :feature:timeline:mapDebugSourceSetPaths UP-TO-DATE
> Task :feature:timeline:compileDebugLibraryResources UP-TO-DATE
> Task :app:preDevDebugAndroidTestBuild SKIPPED
> Task :app:mergeDevDebugAndroidTestManifest UP-TO-DATE
> Task :app:processDevDebugMainManifest UP-TO-DATE
> Task :app:processDevDebugAndroidTestManifest UP-TO-DATE
> Task :app:processDevDebugManifest UP-TO-DATE
> Task :app:processDevDebugManifestForPackage UP-TO-DATE
> Task :app:generateDevDebugAndroidTestBuildConfig UP-TO-DATE
> Task :app:generateDevDebugAndroidTestResources UP-TO-DATE
> Task :app:packageDevDebugAndroidTestResources UP-TO-DATE
> Task :app:processDevDebugAndroidTestNavigationResources UP-TO-DATE
> Task :app:parseDevDebugAndroidTestLocalResources UP-TO-DATE
> Task :app:generateDevDebugAndroidTestRFile UP-TO-DATE
> Task :app:javaPreCompileDevDebugAndroidTest UP-TO-DATE
> Task :app:generateDevDebugAssets UP-TO-DATE
> Task :embedder-service:generateDebugAssets UP-TO-DATE
> Task :embedder-service:mergeDebugAssets UP-TO-DATE
> Task :inference-service:generateDevDebugAssets UP-TO-DATE
> Task :inference-service:mergeDevDebugAssets UP-TO-DATE
> Task :core:designsystem:generateDebugAssets UP-TO-DATE
> Task :core:designsystem:mergeDebugAssets UP-TO-DATE
> Task :core:export:generateDebugAssets UP-TO-DATE
> Task :core:export:mergeDebugAssets UP-TO-DATE
> Task :core:inference:generateDebugAssets UP-TO-DATE
> Task :core:inference:mergeDebugAssets UP-TO-DATE
> Task :core:ipc:generateDebugAssets UP-TO-DATE
> Task :core:ipc:mergeDebugAssets UP-TO-DATE
> Task :core:rag:generateDebugAssets UP-TO-DATE
> Task :core:rag:mergeDebugAssets UP-TO-DATE
> Task :core:security:generateDebugAssets UP-TO-DATE
> Task :core:security:mergeDebugAssets UP-TO-DATE
> Task :core:vault:generateDevDebugAssets UP-TO-DATE
> Task :core:vault:mergeDevDebugAssets UP-TO-DATE
> Task :feature:chat:generateDebugAssets UP-TO-DATE
> Task :feature:chat:mergeDebugAssets UP-TO-DATE
> Task :feature:editor:generateDebugAssets UP-TO-DATE
> Task :feature:editor:mergeDebugAssets UP-TO-DATE
> Task :feature:graph:generateDebugAssets UP-TO-DATE
> Task :feature:graph:mergeDebugAssets UP-TO-DATE
> Task :feature:models:generateDebugAssets UP-TO-DATE
> Task :feature:models:mergeDebugAssets UP-TO-DATE
> Task :feature:settings:generateDebugAssets UP-TO-DATE
> Task :feature:settings:mergeDebugAssets UP-TO-DATE
> Task :feature:shell:generateDebugAssets UP-TO-DATE
> Task :feature:shell:mergeDebugAssets UP-TO-DATE
> Task :feature:timeline:generateDebugAssets UP-TO-DATE
> Task :feature:timeline:mergeDebugAssets UP-TO-DATE
> Task :app:mergeDevDebugAssets UP-TO-DATE
> Task :app:compressDevDebugAssets UP-TO-DATE
> Task :app:generateDevDebugGlobalSynthetics UP-TO-DATE
> Task :app:processDevDebugJavaRes UP-TO-DATE
> Task :embedder-service:processDebugJavaRes UP-TO-DATE
> Task :inference-service:processDevDebugJavaRes UP-TO-DATE
> Task :core:designsystem:processDebugJavaRes UP-TO-DATE
> Task :core:export:processDebugJavaRes UP-TO-DATE
> Task :core:inference:processDebugJavaRes UP-TO-DATE
> Task :core:ipc:processDebugJavaRes UP-TO-DATE
> Task :core:rag:processDebugJavaRes UP-TO-DATE
> Task :core:security:processDebugJavaRes UP-TO-DATE
> Task :core:vault:processDevDebugJavaRes UP-TO-DATE
> Task :feature:chat:processDebugJavaRes UP-TO-DATE
> Task :feature:editor:processDebugJavaRes UP-TO-DATE
> Task :feature:graph:processDebugJavaRes UP-TO-DATE
> Task :feature:models:processDebugJavaRes UP-TO-DATE
> Task :feature:settings:processDebugJavaRes UP-TO-DATE
> Task :feature:shell:processDebugJavaRes UP-TO-DATE
> Task :feature:timeline:processDebugJavaRes UP-TO-DATE
> Task :app:processDevDebugResources UP-TO-DATE
> Task :app:bundleDevDebugClassesToCompileJar UP-TO-DATE
> Task :app:mergeDevDebugJavaResource UP-TO-DATE
> Task :app:compileDevDebugAndroidTestKotlin UP-TO-DATE
> Task :app:checkDevDebugDuplicateClasses UP-TO-DATE
> Task :app:desugarDevDebugFileDependencies UP-TO-DATE
> Task :app:mergeExtDexDevDebug UP-TO-DATE
> Task :feature:settings:bundleLibRuntimeToDirDebug UP-TO-DATE
> Task :feature:chat:bundleLibRuntimeToDirDebug UP-TO-DATE
> Task :feature:editor:bundleLibRuntimeToDirDebug UP-TO-DATE
> Task :feature:graph:bundleLibRuntimeToDirDebug UP-TO-DATE
> Task :feature:models:bundleLibRuntimeToDirDebug UP-TO-DATE
> Task :feature:shell:bundleLibRuntimeToDirDebug UP-TO-DATE
> Task :core:export:bundleLibRuntimeToDirDebug UP-TO-DATE
> Task :app:compileDevDebugAndroidTestJavaWithJavac UP-TO-DATE
> Task :inference-service:bundleLibRuntimeToDirDevDebug UP-TO-DATE
> Task :embedder-service:bundleLibRuntimeToDirDebug UP-TO-DATE
> Task :feature:timeline:bundleLibRuntimeToDirDebug UP-TO-DATE
> Task :core:rag:bundleLibRuntimeToDirDebug UP-TO-DATE
> Task :core:vault:bundleLibRuntimeToDirDevDebug
> Task :core:inference:bundleLibRuntimeToDirDebug UP-TO-DATE
> Task :core:ipc:bundleLibRuntimeToDirDebug UP-TO-DATE
> Task :core:security:bundleLibRuntimeToDirDebug UP-TO-DATE
> Task :core:designsystem:bundleLibRuntimeToDirDebug UP-TO-DATE
> Task :app:dexBuilderDevDebug
> Task :app:mergeProjectDexDevDebug
> Task :app:mergeDevDebugJniLibFolders UP-TO-DATE
> Task :embedder-service:mergeDebugJniLibFolders UP-TO-DATE
> Task :embedder-service:mergeDebugNativeLibs NO-SOURCE
> Task :embedder-service:copyDebugJniLibsProjectOnly UP-TO-DATE
> Task :inference-service:configureCMakeDebug[arm64-v8a]
> Task :inference-service:buildCMakeDebug[arm64-v8a][skein_llama]
> Task :inference-service:configureCMakeDebug[x86_64]
> Task :inference-service:buildCMakeDebug[x86_64][skein_llama]
> Task :inference-service:mergeDevDebugJniLibFolders UP-TO-DATE
> Task :inference-service:mergeDevDebugNativeLibs UP-TO-DATE
> Task :inference-service:copyDevDebugJniLibsProjectOnly UP-TO-DATE
> Task :core:designsystem:mergeDebugJniLibFolders UP-TO-DATE
> Task :core:designsystem:mergeDebugNativeLibs NO-SOURCE
> Task :core:designsystem:copyDebugJniLibsProjectOnly UP-TO-DATE
> Task :core:export:mergeDebugJniLibFolders UP-TO-DATE
> Task :core:export:mergeDebugNativeLibs NO-SOURCE
> Task :core:export:copyDebugJniLibsProjectOnly UP-TO-DATE
> Task :core:inference:mergeDebugJniLibFolders UP-TO-DATE
> Task :core:inference:mergeDebugNativeLibs NO-SOURCE
> Task :core:inference:copyDebugJniLibsProjectOnly UP-TO-DATE
> Task :core:ipc:mergeDebugJniLibFolders UP-TO-DATE
> Task :core:ipc:mergeDebugNativeLibs NO-SOURCE
> Task :core:ipc:copyDebugJniLibsProjectOnly UP-TO-DATE
> Task :core:rag:mergeDebugJniLibFolders UP-TO-DATE
> Task :core:rag:mergeDebugNativeLibs NO-SOURCE
> Task :core:rag:copyDebugJniLibsProjectOnly UP-TO-DATE
> Task :core:security:mergeDebugJniLibFolders UP-TO-DATE
> Task :core:security:mergeDebugNativeLibs NO-SOURCE
> Task :core:security:copyDebugJniLibsProjectOnly UP-TO-DATE
> Task :core:vault:configureCMakeDebug[arm64-v8a]
> Task :core:vault:buildCMakeDebug[arm64-v8a][skein_sqlite,skein_sqlite_jni]
> Task :core:vault:configureCMakeDebug[x86_64]
> Task :core:vault:buildCMakeDebug[x86_64][skein_sqlite,skein_sqlite_jni]
> Task :core:vault:mergeDevDebugJniLibFolders UP-TO-DATE
> Task :core:vault:mergeDevDebugNativeLibs UP-TO-DATE
> Task :core:vault:copyDevDebugJniLibsProjectOnly UP-TO-DATE
> Task :feature:chat:mergeDebugJniLibFolders UP-TO-DATE
> Task :feature:chat:mergeDebugNativeLibs NO-SOURCE
> Task :feature:chat:copyDebugJniLibsProjectOnly UP-TO-DATE
> Task :feature:editor:mergeDebugJniLibFolders UP-TO-DATE
> Task :feature:editor:mergeDebugNativeLibs NO-SOURCE
> Task :feature:editor:copyDebugJniLibsProjectOnly UP-TO-DATE
> Task :feature:graph:mergeDebugJniLibFolders UP-TO-DATE
> Task :feature:graph:mergeDebugNativeLibs NO-SOURCE
> Task :feature:graph:copyDebugJniLibsProjectOnly UP-TO-DATE
> Task :feature:models:mergeDebugJniLibFolders UP-TO-DATE
> Task :feature:models:mergeDebugNativeLibs NO-SOURCE
> Task :feature:models:copyDebugJniLibsProjectOnly UP-TO-DATE
> Task :feature:settings:mergeDebugJniLibFolders UP-TO-DATE
> Task :feature:settings:mergeDebugNativeLibs NO-SOURCE
> Task :feature:settings:copyDebugJniLibsProjectOnly UP-TO-DATE
> Task :feature:shell:mergeDebugJniLibFolders UP-TO-DATE
> Task :feature:shell:mergeDebugNativeLibs NO-SOURCE
> Task :feature:shell:copyDebugJniLibsProjectOnly UP-TO-DATE
> Task :feature:timeline:mergeDebugJniLibFolders UP-TO-DATE
> Task :feature:timeline:mergeDebugNativeLibs NO-SOURCE
> Task :feature:timeline:copyDebugJniLibsProjectOnly UP-TO-DATE
> Task :app:mergeDevDebugNativeLibs UP-TO-DATE
> Task :app:stripDevDebugDebugSymbols UP-TO-DATE
> Task :app:validateSigningDevDebug
> Task :app:writeDevDebugAppMetadata UP-TO-DATE
> Task :app:writeDevDebugSigningConfigVersions UP-TO-DATE
> Task :app:generateDevDebugAndroidTestAssets UP-TO-DATE
> Task :app:mergeDevDebugAndroidTestAssets UP-TO-DATE
> Task :app:compressDevDebugAndroidTestAssets UP-TO-DATE
> Task :app:generateDevDebugAndroidTestGlobalSynthetics UP-TO-DATE
> Task :app:processDevDebugAndroidTestJavaRes
> Task :app:mergeLibDexDevDebug
> Task :app:mergeDevDebugAndroidTestJavaResource
> Task :app:checkDevDebugAndroidTestDuplicateClasses UP-TO-DATE
> Task :app:desugarDevDebugAndroidTestFileDependencies UP-TO-DATE
> Task :app:mergeExtDexDevDebugAndroidTest UP-TO-DATE
> Task :app:mergeLibDexDevDebugAndroidTest UP-TO-DATE
> Task :app:checkDevDebugAndroidTestAarMetadata UP-TO-DATE
> Task :app:mapDevDebugAndroidTestSourceSetPaths UP-TO-DATE
> Task :app:compileDevDebugAndroidTestNavigationResources UP-TO-DATE
> Task :app:mergeDevDebugAndroidTestResources UP-TO-DATE
> Task :app:processDevDebugAndroidTestResources UP-TO-DATE
> Task :app:dexBuilderDevDebugAndroidTest
> Task :app:mergeProjectDexDevDebugAndroidTest
> Task :app:mergeDevDebugAndroidTestJniLibFolders UP-TO-DATE
> Task :app:mergeDevDebugAndroidTestNativeLibs NO-SOURCE
> Task :app:stripDevDebugAndroidTestDebugSymbols NO-SOURCE
> Task :app:validateSigningDevDebugAndroidTest UP-TO-DATE
> Task :app:writeDevDebugAndroidTestSigningConfigVersions UP-TO-DATE
> Task :app:packageDevDebug
> Task :app:createDevDebugApkListingFileRedirect UP-TO-DATE
> Task :inference-service:preDevDebugAndroidTestBuild UP-TO-DATE
> Task :app:packageDevDebugAndroidTest
> Task :app:createDevDebugAndroidTestApkListingFileRedirect UP-TO-DATE
> Task :inference-service:mergeDevDebugAndroidTestManifest UP-TO-DATE
> Task :inference-service:processDevDebugAndroidTestManifest UP-TO-DATE
> Task :inference-service:generateDevDebugAndroidTestBuildConfig UP-TO-DATE
> Task :inference-service:generateDevDebugAndroidTestResources UP-TO-DATE
> Task :inference-service:packageDevDebugAndroidTestResources UP-TO-DATE
> Task :inference-service:processDevDebugAndroidTestNavigationResources UP-TO-DATE
> Task :inference-service:parseDevDebugAndroidTestLocalResources UP-TO-DATE
> Task :inference-service:generateDevDebugAndroidTestRFile UP-TO-DATE
> Task :inference-service:compileDevDebugAndroidTestKotlin UP-TO-DATE
> Task :inference-service:javaPreCompileDevDebugAndroidTest UP-TO-DATE
> Task :inference-service:compileDevDebugAndroidTestJavaWithJavac UP-TO-DATE
> Task :inference-service:generateDevDebugAndroidTestAssets UP-TO-DATE
> Task :inference-service:mergeDevDebugAndroidTestAssets UP-TO-DATE
> Task :inference-service:compressDevDebugAndroidTestAssets UP-TO-DATE
> Task :inference-service:generateDevDebugAndroidTestGlobalSynthetics UP-TO-DATE
> Task :inference-service:processDevDebugAndroidTestJavaRes UP-TO-DATE
> Task :inference-service:mergeDevDebugAndroidTestJavaResource UP-TO-DATE
> Task :inference-service:checkDevDebugAndroidTestDuplicateClasses UP-TO-DATE
> Task :inference-service:desugarDevDebugAndroidTestFileDependencies UP-TO-DATE
> Task :inference-service:mergeExtDexDevDebugAndroidTest UP-TO-DATE
> Task :inference-service:mergeLibDexDevDebugAndroidTest UP-TO-DATE
> Task :inference-service:checkDevDebugAndroidTestAarMetadata UP-TO-DATE
> Task :inference-service:mapDevDebugAndroidTestSourceSetPaths UP-TO-DATE
> Task :inference-service:compileDevDebugAndroidTestNavigationResources UP-TO-DATE
> Task :inference-service:mergeDevDebugAndroidTestResources UP-TO-DATE
> Task :inference-service:processDevDebugAndroidTestResources UP-TO-DATE
> Task :inference-service:dexBuilderDevDebugAndroidTest UP-TO-DATE
> Task :inference-service:mergeProjectDexDevDebugAndroidTest UP-TO-DATE
> Task :inference-service:mergeDevDebugAndroidTestJniLibFolders UP-TO-DATE
> Task :inference-service:mergeDevDebugAndroidTestNativeLibs UP-TO-DATE
> Task :inference-service:stripDevDebugAndroidTestDebugSymbols UP-TO-DATE
> Task :inference-service:validateSigningDevDebugAndroidTest UP-TO-DATE
> Task :inference-service:writeDevDebugAndroidTestSigningConfigVersions UP-TO-DATE
> Task :inference-service:packageDevDebugAndroidTest
> Task :inference-service:createDevDebugAndroidTestApkListingFileRedirect UP-TO-DATE

> Task :app:connectedDevDebugAndroidTest
Running tests on devices: skein_local_ordinary_20261003_03(AVD) - 15

> Task :inference-service:connectedDevDebugAndroidTest
> Task :core:vault:preDevDebugAndroidTestBuild UP-TO-DATE
> Task :core:vault:generateDevDebugAndroidTestResources UP-TO-DATE
> Task :core:vault:packageDevDebugAndroidTestResources UP-TO-DATE
> Task :core:vault:processDevDebugAndroidTestNavigationResources UP-TO-DATE
> Task :core:vault:parseDevDebugAndroidTestLocalResources UP-TO-DATE
> Task :core:vault:generateDevDebugAndroidTestRFile UP-TO-DATE
> Task :core:vault:compileDevDebugAndroidTestKotlin UP-TO-DATE
> Task :core:vault:javaPreCompileDevDebugAndroidTest UP-TO-DATE
> Task :core:vault:compileDevDebugAndroidTestJavaWithJavac NO-SOURCE
> Task :core:vault:generateDevDebugAndroidTestAssets UP-TO-DATE
> Task :core:vault:mergeDevDebugAndroidTestAssets UP-TO-DATE
> Task :core:vault:compressDevDebugAndroidTestAssets UP-TO-DATE
> Task :core:vault:generateDevDebugAndroidTestGlobalSynthetics UP-TO-DATE
> Task :core:vault:processDevDebugAndroidTestJavaRes UP-TO-DATE
> Task :core:vault:mergeDevDebugAndroidTestJavaResource UP-TO-DATE
> Task :core:vault:checkDevDebugAndroidTestDuplicateClasses UP-TO-DATE
> Task :core:vault:desugarDevDebugAndroidTestFileDependencies UP-TO-DATE
> Task :core:vault:mergeExtDexDevDebugAndroidTest UP-TO-DATE
> Task :core:vault:mergeLibDexDevDebugAndroidTest
> Task :core:vault:checkDevDebugAndroidTestAarMetadata UP-TO-DATE
> Task :core:vault:mapDevDebugAndroidTestSourceSetPaths UP-TO-DATE
> Task :core:vault:compileDevDebugAndroidTestNavigationResources UP-TO-DATE
> Task :core:vault:mergeDevDebugAndroidTestResources UP-TO-DATE
> Task :core:vault:mergeDevDebugAndroidTestManifest UP-TO-DATE
> Task :core:vault:processDevDebugAndroidTestManifest UP-TO-DATE
> Task :core:vault:processDevDebugAndroidTestResources UP-TO-DATE
> Task :core:vault:dexBuilderDevDebugAndroidTest
> Task :core:vault:mergeProjectDexDevDebugAndroidTest
> Task :core:vault:mergeDevDebugAndroidTestJniLibFolders UP-TO-DATE
> Task :core:vault:mergeDevDebugAndroidTestNativeLibs UP-TO-DATE
> Task :core:vault:stripDevDebugAndroidTestDebugSymbols UP-TO-DATE
> Task :core:vault:validateSigningDevDebugAndroidTest UP-TO-DATE
> Task :core:vault:writeDevDebugAndroidTestSigningConfigVersions UP-TO-DATE
> Task :core:vault:packageDevDebugAndroidTest
> Task :core:vault:createDevDebugAndroidTestApkListingFileRedirect UP-TO-DATE

> Task :inference-service:connectedDevDebugAndroidTest
Running tests on devices: skein_local_ordinary_20261003_03(AVD) - 15

> Task :core:vault:connectedDevDebugAndroidTest
Running tests on devices: skein_local_ordinary_20261003_03(AVD) - 15

BUILD SUCCESSFUL in 2m 51s
468 actionable tasks: 27 executed, 441 up-to-date
Configuration cache entry stored.
