To honour the JVM settings for this build a single-use Daemon process will be forked. For more on this, please refer to https://docs.gradle.org/9.7.1/userguide/gradle_daemon.html#sec:disabling_the_daemon in the Gradle documentation.
Daemon will be stopped at the end of the build 
Reusing configuration cache.
> Task :core:model:loadKtlintReporters UP-TO-DATE
> Task :core:rag:loadKtlintReporters UP-TO-DATE
> Task :core:model:runKtlintCheckOverKotlinScripts UP-TO-DATE
> Task :core:model:runKtlintCheckOverMainSourceSet UP-TO-DATE
> Task :core:model:ktlintKotlinScriptCheck UP-TO-DATE
> Task :core:model:ktlintMainSourceSetCheck UP-TO-DATE
> Task :core:rag:runKtlintCheckOverAndroidTestDebugSourceSet NO-SOURCE
> Task :core:rag:ktlintAndroidTestDebugSourceSetCheck SKIPPED
> Task :core:model:runKtlintCheckOverTestSourceSet UP-TO-DATE
> Task :core:rag:runKtlintCheckOverAndroidTestReleaseSourceSet NO-SOURCE
> Task :core:rag:ktlintAndroidTestReleaseSourceSetCheck SKIPPED
> Task :core:rag:runKtlintCheckOverAndroidTestSourceSet NO-SOURCE
> Task :core:model:ktlintTestSourceSetCheck UP-TO-DATE
> Task :core:rag:ktlintAndroidTestSourceSetCheck SKIPPED
> Task :core:model:ktlintCheck UP-TO-DATE
> Task :core:rag:runKtlintCheckOverDebugSourceSet NO-SOURCE
> Task :core:rag:ktlintDebugSourceSetCheck SKIPPED
> Task :core:rag:runKtlintCheckOverKotlinScripts UP-TO-DATE
> Task :core:rag:ktlintKotlinScriptCheck UP-TO-DATE
> Task :core:rag:runKtlintCheckOverReleaseSourceSet NO-SOURCE
> Task :core:rag:ktlintReleaseSourceSetCheck SKIPPED
> Task :core:rag:runKtlintCheckOverTestDebugSourceSet NO-SOURCE
> Task :core:rag:ktlintTestDebugSourceSetCheck SKIPPED
> Task :core:rag:runKtlintCheckOverMainSourceSet UP-TO-DATE
> Task :core:rag:runKtlintCheckOverTestFixturesDebugSourceSet NO-SOURCE
> Task :core:rag:ktlintTestFixturesDebugSourceSetCheck SKIPPED
> Task :core:rag:runKtlintCheckOverTestFixturesReleaseSourceSet NO-SOURCE
> Task :core:rag:ktlintMainSourceSetCheck UP-TO-DATE
> Task :core:rag:ktlintTestFixturesReleaseSourceSetCheck SKIPPED
> Task :core:rag:runKtlintCheckOverTestFixturesSourceSet NO-SOURCE
> Task :core:rag:runKtlintCheckOverTestReleaseSourceSet NO-SOURCE
> Task :core:rag:ktlintTestFixturesSourceSetCheck SKIPPED
> Task :core:rag:ktlintTestReleaseSourceSetCheck SKIPPED
> Task :feature:chat:loadKtlintReporters UP-TO-DATE
> Task :feature:chat:runKtlintCheckOverAndroidTestDebugSourceSet NO-SOURCE
> Task :feature:chat:ktlintAndroidTestDebugSourceSetCheck SKIPPED
> Task :feature:chat:runKtlintCheckOverAndroidTestReleaseSourceSet NO-SOURCE
> Task :feature:chat:ktlintAndroidTestReleaseSourceSetCheck SKIPPED
> Task :core:rag:runKtlintCheckOverTestSourceSet UP-TO-DATE
> Task :feature:chat:runKtlintCheckOverAndroidTestSourceSet NO-SOURCE
> Task :feature:chat:ktlintAndroidTestSourceSetCheck SKIPPED
> Task :feature:chat:runKtlintCheckOverDebugSourceSet NO-SOURCE
> Task :feature:chat:ktlintDebugSourceSetCheck SKIPPED
> Task :core:rag:ktlintTestSourceSetCheck UP-TO-DATE
> Task :core:rag:ktlintCheck UP-TO-DATE
> Task :feature:chat:runKtlintCheckOverKotlinScripts UP-TO-DATE
> Task :feature:chat:ktlintKotlinScriptCheck UP-TO-DATE
> Task :feature:chat:runKtlintCheckOverMainSourceSet UP-TO-DATE
> Task :feature:chat:runKtlintCheckOverReleaseSourceSet NO-SOURCE
> Task :feature:chat:ktlintReleaseSourceSetCheck SKIPPED
> Task :feature:chat:ktlintMainSourceSetCheck UP-TO-DATE
> Task :feature:chat:runKtlintCheckOverTestDebugSourceSet NO-SOURCE
> Task :feature:chat:ktlintTestDebugSourceSetCheck SKIPPED
> Task :feature:chat:runKtlintCheckOverTestFixturesDebugSourceSet NO-SOURCE
> Task :feature:chat:ktlintTestFixturesDebugSourceSetCheck SKIPPED
> Task :feature:chat:runKtlintCheckOverTestFixturesReleaseSourceSet NO-SOURCE
> Task :feature:chat:runKtlintCheckOverTestFixturesSourceSet NO-SOURCE
> Task :feature:chat:ktlintTestFixturesReleaseSourceSetCheck SKIPPED
> Task :feature:chat:ktlintTestFixturesSourceSetCheck SKIPPED
> Task :feature:chat:runKtlintCheckOverTestReleaseSourceSet NO-SOURCE
> Task :feature:chat:ktlintTestReleaseSourceSetCheck SKIPPED
> Task :testing:checkKotlinGradlePluginConfigurationErrors SKIPPED
> Task :testing-fakes:checkKotlinGradlePluginConfigurationErrors SKIPPED
> Task :core:model:checkKotlinGradlePluginConfigurationErrors SKIPPED
> Task :core:model:compileKotlin UP-TO-DATE
> Task :core:model:compileJava NO-SOURCE
> Task :core:model:processResources UP-TO-DATE
> Task :core:model:classes UP-TO-DATE
> Task :core:model:jar UP-TO-DATE
> Task :testing-fakes:compileKotlin UP-TO-DATE
> Task :testing-fakes:compileJava NO-SOURCE
> Task :testing-fakes:processResources NO-SOURCE
> Task :testing-fakes:classes UP-TO-DATE
> Task :testing-fakes:jar UP-TO-DATE
> Task :testing:compileKotlin UP-TO-DATE
> Task :testing:compileJava NO-SOURCE
> Task :testing:processResources UP-TO-DATE
> Task :testing:classes UP-TO-DATE
> Task :testing:jar UP-TO-DATE
> Task :core:markdown:checkKotlinGradlePluginConfigurationErrors SKIPPED
> Task :core:markdown:compileKotlin UP-TO-DATE
> Task :core:markdown:compileJava NO-SOURCE
> Task :core:markdown:processResources NO-SOURCE
> Task :core:markdown:classes UP-TO-DATE
> Task :core:markdown:jar UP-TO-DATE
> Task :core:rag:preBuild UP-TO-DATE
> Task :core:rag:preDebugBuild UP-TO-DATE
> Task :core:rag:generateDebugResources UP-TO-DATE
> Task :core:rag:packageDebugResources UP-TO-DATE
> Task :core:rag:processDebugNavigationResources UP-TO-DATE
> Task :core:rag:parseDebugLocalResources UP-TO-DATE
> Task :core:rag:generateDebugRFile UP-TO-DATE
> Task :core:security:preBuild UP-TO-DATE
> Task :core:security:preDebugBuild UP-TO-DATE
> Task :core:security:generateDebugResources UP-TO-DATE
> Task :core:security:packageDebugResources UP-TO-DATE
> Task :core:security:processDebugNavigationResources UP-TO-DATE
> Task :core:security:parseDebugLocalResources UP-TO-DATE
> Task :core:security:generateDebugRFile UP-TO-DATE
> Task :core:security:compileDebugKotlin UP-TO-DATE
> Task :core:security:javaPreCompileDebug UP-TO-DATE
> Task :core:security:compileDebugJavaWithJavac NO-SOURCE
> Task :core:security:bundleLibCompileToJarDebug UP-TO-DATE
> Task :core:rag:compileDebugKotlin UP-TO-DATE
> Task :core:rag:javaPreCompileDebug UP-TO-DATE
> Task :core:rag:compileDebugJavaWithJavac NO-SOURCE
> Task :core:rag:bundleLibRuntimeToJarDebug UP-TO-DATE
> Task :core:rag:bundleLibCompileToJarDebug UP-TO-DATE
> Task :core:rag:preDebugUnitTestBuild UP-TO-DATE
> Task :core:vault:preBuild UP-TO-DATE
> Task :core:vault:preFossDebugBuild UP-TO-DATE
> Task :core:vault:generateFossDebugResources UP-TO-DATE
> Task :core:vault:packageFossDebugResources UP-TO-DATE
> Task :core:vault:processFossDebugNavigationResources UP-TO-DATE
> Task :core:vault:parseFossDebugLocalResources UP-TO-DATE
> Task :core:vault:generateFossDebugRFile UP-TO-DATE
> Task :core:rag:generateDebugUnitTestStubRFile UP-TO-DATE
> Task :core:vault:compileFossDebugKotlin UP-TO-DATE
> Task :core:vault:javaPreCompileFossDebug UP-TO-DATE
> Task :core:vault:compileFossDebugJavaWithJavac NO-SOURCE
> Task :core:vault:bundleLibCompileToJarFossDebug UP-TO-DATE
> Task :core:rag:compileDebugUnitTestKotlin UP-TO-DATE
> Task :core:rag:javaPreCompileDebugUnitTest UP-TO-DATE
> Task :core:rag:compileDebugUnitTestJavaWithJavac NO-SOURCE
> Task :core:rag:processDebugJavaRes UP-TO-DATE
> Task :core:rag:processDebugUnitTestJavaRes UP-TO-DATE
> Task :core:security:bundleLibRuntimeToJarDebug UP-TO-DATE
> Task :core:security:processDebugJavaRes UP-TO-DATE
> Task :core:vault:bundleLibRuntimeToJarFossDebug UP-TO-DATE
> Task :core:vault:processFossDebugJavaRes UP-TO-DATE
> Task :core:rag:testDebugUnitTest UP-TO-DATE
> Task :core:navigation:checkKotlinGradlePluginConfigurationErrors SKIPPED
> Task :core:navigation:compileKotlin UP-TO-DATE
> Task :core:navigation:compileJava NO-SOURCE
> Task :core:navigation:processResources NO-SOURCE
> Task :core:navigation:classes UP-TO-DATE
> Task :core:navigation:jar UP-TO-DATE
> Task :testing-ui:preBuild UP-TO-DATE
> Task :testing-ui:preDebugBuild UP-TO-DATE
> Task :testing-ui:generateDebugResources UP-TO-DATE
> Task :testing-ui:packageDebugResources UP-TO-DATE
> Task :testing-ui:processDebugNavigationResources UP-TO-DATE
> Task :testing-ui:parseDebugLocalResources UP-TO-DATE
> Task :testing-ui:generateDebugRFile UP-TO-DATE
> Task :core:designsystem:preBuild UP-TO-DATE
> Task :core:designsystem:preDebugBuild UP-TO-DATE
> Task :core:designsystem:generateDebugResources UP-TO-DATE
> Task :core:designsystem:packageDebugResources UP-TO-DATE
> Task :core:designsystem:processDebugNavigationResources UP-TO-DATE
> Task :core:designsystem:parseDebugLocalResources UP-TO-DATE
> Task :core:designsystem:generateDebugRFile UP-TO-DATE
> Task :core:designsystem:compileDebugKotlin UP-TO-DATE
> Task :core:designsystem:javaPreCompileDebug UP-TO-DATE
> Task :core:designsystem:compileDebugJavaWithJavac NO-SOURCE
> Task :core:designsystem:bundleLibCompileToJarDebug UP-TO-DATE
> Task :testing-ui:compileDebugKotlin UP-TO-DATE
> Task :testing-ui:javaPreCompileDebug UP-TO-DATE
> Task :testing-ui:compileDebugJavaWithJavac NO-SOURCE
> Task :testing-ui:bundleLibRuntimeToJarDebug UP-TO-DATE
> Task :testing-ui:processDebugJavaRes UP-TO-DATE
> Task :core:designsystem:bundleLibRuntimeToJarDebug UP-TO-DATE
> Task :core:designsystem:processDebugJavaRes UP-TO-DATE
> Task :core:export:preBuild UP-TO-DATE
> Task :core:export:preDebugBuild UP-TO-DATE
> Task :core:export:generateDebugResources UP-TO-DATE
> Task :core:export:packageDebugResources UP-TO-DATE
> Task :core:export:processDebugNavigationResources UP-TO-DATE
> Task :core:export:parseDebugLocalResources UP-TO-DATE
> Task :core:export:generateDebugRFile UP-TO-DATE
> Task :core:export:compileDebugKotlin UP-TO-DATE
> Task :core:export:javaPreCompileDebug UP-TO-DATE
> Task :core:export:compileDebugJavaWithJavac NO-SOURCE
> Task :core:export:bundleLibRuntimeToJarDebug UP-TO-DATE
> Task :core:export:processDebugJavaRes UP-TO-DATE
> Task :feature:chat:preBuild UP-TO-DATE
> Task :feature:chat:preDebugBuild UP-TO-DATE
> Task :feature:chat:generateDebugResources UP-TO-DATE
> Task :feature:chat:packageDebugResources UP-TO-DATE
> Task :feature:chat:processDebugNavigationResources UP-TO-DATE
> Task :feature:chat:parseDebugLocalResources UP-TO-DATE
> Task :feature:chat:generateDebugRFile UP-TO-DATE
> Task :core:export:bundleLibCompileToJarDebug UP-TO-DATE
> Task :feature:editor:preBuild UP-TO-DATE
> Task :feature:editor:preDebugBuild UP-TO-DATE
> Task :feature:editor:generateDebugResources UP-TO-DATE
> Task :feature:editor:packageDebugResources UP-TO-DATE
> Task :feature:editor:processDebugNavigationResources UP-TO-DATE
> Task :feature:editor:parseDebugLocalResources UP-TO-DATE
> Task :feature:editor:generateDebugRFile UP-TO-DATE
> Task :feature:shell:preBuild UP-TO-DATE
> Task :feature:shell:preDebugBuild UP-TO-DATE
> Task :feature:shell:generateDebugResources UP-TO-DATE
> Task :feature:shell:packageDebugResources UP-TO-DATE
> Task :feature:shell:processDebugNavigationResources UP-TO-DATE
> Task :feature:shell:parseDebugLocalResources UP-TO-DATE
> Task :feature:shell:generateDebugRFile UP-TO-DATE
> Task :feature:shell:compileDebugKotlin UP-TO-DATE
> Task :feature:shell:javaPreCompileDebug UP-TO-DATE
> Task :feature:shell:compileDebugJavaWithJavac NO-SOURCE
> Task :feature:shell:bundleLibCompileToJarDebug UP-TO-DATE
> Task :feature:timeline:preBuild UP-TO-DATE
> Task :feature:timeline:preDebugBuild UP-TO-DATE
> Task :feature:timeline:generateDebugResources UP-TO-DATE
> Task :feature:timeline:packageDebugResources UP-TO-DATE
> Task :feature:timeline:processDebugNavigationResources UP-TO-DATE
> Task :feature:timeline:parseDebugLocalResources UP-TO-DATE
> Task :feature:timeline:generateDebugRFile UP-TO-DATE
> Task :feature:timeline:compileDebugKotlin UP-TO-DATE
> Task :feature:timeline:javaPreCompileDebug UP-TO-DATE
> Task :feature:timeline:compileDebugJavaWithJavac NO-SOURCE
> Task :feature:timeline:bundleLibCompileToJarDebug UP-TO-DATE
> Task :feature:editor:compileDebugKotlin UP-TO-DATE
> Task :feature:editor:javaPreCompileDebug UP-TO-DATE
> Task :feature:editor:compileDebugJavaWithJavac NO-SOURCE
> Task :feature:editor:bundleLibCompileToJarDebug UP-TO-DATE
> Task :feature:chat:compileDebugKotlin UP-TO-DATE
> Task :feature:chat:javaPreCompileDebug UP-TO-DATE
> Task :feature:chat:compileDebugJavaWithJavac NO-SOURCE
> Task :feature:chat:bundleLibRuntimeToJarDebug UP-TO-DATE
> Task :testing-ui:bundleLibCompileToJarDebug UP-TO-DATE
> Task :feature:chat:bundleLibCompileToJarDebug UP-TO-DATE
> Task :feature:chat:preDebugUnitTestBuild UP-TO-DATE
> Task :testing-ui:mapDebugSourceSetPaths UP-TO-DATE
> Task :testing-ui:compileDebugLibraryResources UP-TO-DATE
> Task :core:designsystem:mapDebugSourceSetPaths UP-TO-DATE
> Task :core:designsystem:compileDebugLibraryResources UP-TO-DATE
> Task :core:export:mapDebugSourceSetPaths UP-TO-DATE
> Task :core:export:compileDebugLibraryResources UP-TO-DATE
> Task :core:rag:mapDebugSourceSetPaths UP-TO-DATE
> Task :core:rag:compileDebugLibraryResources UP-TO-DATE
> Task :core:security:mapDebugSourceSetPaths UP-TO-DATE
> Task :core:security:compileDebugLibraryResources UP-TO-DATE
> Task :core:vault:mapFossDebugSourceSetPaths UP-TO-DATE
> Task :core:vault:compileFossDebugLibraryResources UP-TO-DATE
> Task :testing-ui:writeDebugAarMetadata UP-TO-DATE
> Task :core:designsystem:writeDebugAarMetadata UP-TO-DATE
> Task :core:export:writeDebugAarMetadata UP-TO-DATE
> Task :core:rag:writeDebugAarMetadata UP-TO-DATE
> Task :core:security:writeDebugAarMetadata UP-TO-DATE
> Task :core:vault:writeFossDebugAarMetadata UP-TO-DATE
> Task :feature:chat:writeDebugAarMetadata UP-TO-DATE
> Task :feature:editor:writeDebugAarMetadata UP-TO-DATE
> Task :feature:shell:writeDebugAarMetadata UP-TO-DATE
> Task :feature:timeline:writeDebugAarMetadata UP-TO-DATE
> Task :feature:chat:checkDebugUnitTestAarMetadata UP-TO-DATE
> Task :feature:chat:mapDebugSourceSetPaths UP-TO-DATE
> Task :feature:chat:compileDebugLibraryResources UP-TO-DATE
> Task :feature:chat:mapDebugUnitTestSourceSetPaths UP-TO-DATE
> Task :feature:chat:generateDebugUnitTestResources UP-TO-DATE
> Task :feature:chat:mergeDebugUnitTestResources UP-TO-DATE
> Task :testing-ui:extractDeepLinksDebug UP-TO-DATE
> Task :testing-ui:processDebugManifest UP-TO-DATE
> Task :core:designsystem:extractDeepLinksDebug UP-TO-DATE
> Task :core:designsystem:processDebugManifest UP-TO-DATE
> Task :core:export:extractDeepLinksDebug UP-TO-DATE
> Task :core:export:processDebugManifest UP-TO-DATE
> Task :core:rag:extractDeepLinksDebug UP-TO-DATE
> Task :core:rag:processDebugManifest UP-TO-DATE
> Task :core:security:extractDeepLinksDebug UP-TO-DATE
> Task :core:security:processDebugManifest UP-TO-DATE
> Task :core:vault:extractDeepLinksFossDebug UP-TO-DATE
> Task :core:vault:processFossDebugManifest UP-TO-DATE
> Task :feature:chat:extractDeepLinksDebug UP-TO-DATE
> Task :feature:chat:processDebugManifest UP-TO-DATE
> Task :feature:editor:extractDeepLinksDebug UP-TO-DATE
> Task :feature:editor:processDebugManifest UP-TO-DATE
> Task :feature:shell:extractDeepLinksDebug UP-TO-DATE
> Task :feature:shell:processDebugManifest UP-TO-DATE
> Task :feature:timeline:extractDeepLinksDebug UP-TO-DATE
> Task :feature:timeline:processDebugManifest UP-TO-DATE
> Task :feature:chat:mergeDebugUnitTestManifest UP-TO-DATE
> Task :feature:chat:processDebugUnitTestManifest UP-TO-DATE
> Task :feature:editor:mapDebugSourceSetPaths UP-TO-DATE
> Task :feature:editor:compileDebugLibraryResources UP-TO-DATE
> Task :feature:shell:mapDebugSourceSetPaths UP-TO-DATE
> Task :feature:shell:compileDebugLibraryResources UP-TO-DATE
> Task :feature:timeline:mapDebugSourceSetPaths UP-TO-DATE
> Task :feature:timeline:compileDebugLibraryResources UP-TO-DATE
> Task :feature:chat:processDebugUnitTestResources UP-TO-DATE
> Task :feature:chat:runKtlintCheckOverTestSourceSet
> Task :feature:chat:ktlintTestSourceSetCheck FROM-CACHE
> Task :feature:chat:ktlintCheck UP-TO-DATE
> Task :feature:chat:javaPreCompileDebugUnitTest UP-TO-DATE
> Task :testing-ui:generateDebugAssets UP-TO-DATE
> Task :testing-ui:mergeDebugAssets UP-TO-DATE
> Task :core:designsystem:generateDebugAssets UP-TO-DATE
> Task :core:designsystem:mergeDebugAssets UP-TO-DATE
> Task :core:export:generateDebugAssets UP-TO-DATE
> Task :core:export:mergeDebugAssets UP-TO-DATE
> Task :core:rag:generateDebugAssets UP-TO-DATE
> Task :core:rag:mergeDebugAssets UP-TO-DATE
> Task :core:security:generateDebugAssets UP-TO-DATE
> Task :core:security:mergeDebugAssets UP-TO-DATE
> Task :core:vault:generateFossDebugAssets UP-TO-DATE
> Task :core:vault:mergeFossDebugAssets UP-TO-DATE
> Task :feature:chat:generateDebugUnitTestAssets UP-TO-DATE
> Task :feature:chat:generateDebugAssets UP-TO-DATE
> Task :feature:chat:mergeDebugAssets UP-TO-DATE
> Task :feature:editor:generateDebugAssets UP-TO-DATE
> Task :feature:editor:mergeDebugAssets UP-TO-DATE
> Task :feature:shell:generateDebugAssets UP-TO-DATE
> Task :feature:shell:mergeDebugAssets UP-TO-DATE
> Task :feature:timeline:generateDebugAssets UP-TO-DATE
> Task :feature:timeline:mergeDebugAssets UP-TO-DATE
> Task :feature:chat:mergeDebugUnitTestAssets UP-TO-DATE
> Task :feature:chat:packageDebugUnitTestForUnitTest UP-TO-DATE
> Task :feature:chat:generateDebugUnitTestConfig UP-TO-DATE
> Task :feature:chat:processDebugJavaRes UP-TO-DATE
> Task :feature:editor:bundleLibRuntimeToJarDebug UP-TO-DATE
> Task :feature:editor:processDebugJavaRes UP-TO-DATE
> Task :feature:shell:bundleLibRuntimeToJarDebug UP-TO-DATE
> Task :feature:shell:processDebugJavaRes UP-TO-DATE
> Task :feature:timeline:bundleLibRuntimeToJarDebug UP-TO-DATE
> Task :feature:timeline:processDebugJavaRes UP-TO-DATE

> Task :feature:chat:compileDebugUnitTestKotlin
w: file:///Users/andrewherrera/skein-worktrees/application-context-resume-20260930/feature/chat/src/test/kotlin/app/skein/feature/chat/ContextualSendPathTest.kt:394:13 This declaration needs opt-in. Its usage should be marked with '@kotlinx.coroutines.ExperimentalCoroutinesApi' or '@OptIn(kotlinx.coroutines.ExperimentalCoroutinesApi::class)'
w: file:///Users/andrewherrera/skein-worktrees/application-context-resume-20260930/feature/chat/src/test/kotlin/app/skein/feature/chat/ContextualSendPathTest.kt:397:13 This declaration needs opt-in. Its usage should be marked with '@kotlinx.coroutines.ExperimentalCoroutinesApi' or '@OptIn(kotlinx.coroutines.ExperimentalCoroutinesApi::class)'
w: file:///Users/andrewherrera/skein-worktrees/application-context-resume-20260930/feature/chat/src/test/kotlin/app/skein/feature/chat/ContextualSendPathTest.kt:399:13 This declaration needs opt-in. Its usage should be marked with '@kotlinx.coroutines.ExperimentalCoroutinesApi' or '@OptIn(kotlinx.coroutines.ExperimentalCoroutinesApi::class)'
w: file:///Users/andrewherrera/skein-worktrees/application-context-resume-20260930/feature/chat/src/test/kotlin/app/skein/feature/chat/ContextualSendPathTest.kt:426:13 This declaration needs opt-in. Its usage should be marked with '@kotlinx.coroutines.ExperimentalCoroutinesApi' or '@OptIn(kotlinx.coroutines.ExperimentalCoroutinesApi::class)'
w: file:///Users/andrewherrera/skein-worktrees/application-context-resume-20260930/feature/chat/src/test/kotlin/app/skein/feature/chat/ContextualSendPathTest.kt:434:13 This declaration needs opt-in. Its usage should be marked with '@kotlinx.coroutines.ExperimentalCoroutinesApi' or '@OptIn(kotlinx.coroutines.ExperimentalCoroutinesApi::class)'
w: file:///Users/andrewherrera/skein-worktrees/application-context-resume-20260930/feature/chat/src/test/kotlin/app/skein/feature/chat/ContextualSendPathTest.kt:569:18 This declaration needs opt-in. Its usage should be marked with '@kotlinx.coroutines.ExperimentalCoroutinesApi' or '@OptIn(kotlinx.coroutines.ExperimentalCoroutinesApi::class)'

> Task :feature:chat:compileDebugUnitTestJavaWithJavac NO-SOURCE
> Task :feature:chat:processDebugUnitTestJavaRes UP-TO-DATE
> Task :feature:chat:testDebugUnitTest
> Task :feature:chat:finalizeTestRoborazziDebug SKIPPED

[Incubating] Problems report is available at: file:///Users/andrewherrera/skein-worktrees/application-context-resume-20260930/build/reports/problems/problems-report.html

BUILD SUCCESSFUL in 23s
212 actionable tasks: 3 executed, 1 from cache, 208 up-to-date
Configuration cache entry reused.
