{"argv": ["./gradlew", "--offline", "--no-daemon", "--max-workers=2", ":core:vault:ktlintCheck", ":core:vault:testDevDebugUnitTest", "--tests", "app.skein.core.vault.key.recovery.*", ":core:vault:compileDevDebugAndroidTestKotlin", ":core:vault:compileFossDebugAndroidTestKotlin", "--continue", "--stacktrace"], "head": "ad313545fa236e7c675fb30d2cabef5cb164de5e"}
To honour the JVM settings for this build a single-use Daemon process will be forked. For more on this, please refer to https://docs.gradle.org/9.7.1/userguide/gradle_daemon.html#sec:disabling_the_daemon in the Gradle documentation.
Daemon will be stopped at the end of the build 
Calculating task graph as no cached configuration is available for tasks: :core:vault:ktlintCheck :core:vault:testDevDebugUnitTest --tests app.skein.core.vault.key.recovery.* :core:vault:compileDevDebugAndroidTestKotlin :core:vault:compileFossDebugAndroidTestKotlin
> Task :build-logic:guards:checkKotlinGradlePluginConfigurationErrors SKIPPED
> Task :build-logic:guards:compileKotlin UP-TO-DATE
> Task :build-logic:guards:compileJava NO-SOURCE
> Task :build-logic:guards:pluginDescriptors UP-TO-DATE
> Task :build-logic:guards:processResources UP-TO-DATE
> Task :build-logic:guards:classes UP-TO-DATE
> Task :build-logic:guards:jar UP-TO-DATE
> Task :testing:checkKotlinGradlePluginConfigurationErrors SKIPPED
> Task :testing-fakes:checkKotlinGradlePluginConfigurationErrors SKIPPED
> Task :core:model:checkKotlinGradlePluginConfigurationErrors SKIPPED
> Task :core:vault:loadKtlintReporters UP-TO-DATE
> Task :core:vault:runKtlintCheckOverAndroidTestDebugSourceSet NO-SOURCE
> Task :core:vault:ktlintAndroidTestDebugSourceSetCheck SKIPPED
> Task :core:vault:runKtlintCheckOverAndroidTestDevDebugSourceSet NO-SOURCE
> Task :core:vault:ktlintAndroidTestDevDebugSourceSetCheck SKIPPED
> Task :core:vault:runKtlintCheckOverAndroidTestDevSourceSet NO-SOURCE
> Task :core:vault:ktlintAndroidTestDevSourceSetCheck SKIPPED
> Task :core:vault:runKtlintCheckOverAndroidTestFossDebugSourceSet NO-SOURCE
> Task :core:vault:ktlintAndroidTestFossDebugSourceSetCheck SKIPPED
> Task :core:vault:runKtlintCheckOverAndroidTestFossSourceSet NO-SOURCE
> Task :core:vault:ktlintAndroidTestFossSourceSetCheck SKIPPED
> Task :core:vault:runKtlintCheckOverAndroidTestReleaseSourceSet NO-SOURCE
> Task :core:vault:ktlintAndroidTestReleaseSourceSetCheck SKIPPED
> Task :core:model:compileKotlin UP-TO-DATE
> Task :core:vault:runKtlintCheckOverDebugSourceSet NO-SOURCE
> Task :core:vault:ktlintDebugSourceSetCheck SKIPPED
> Task :core:vault:runKtlintCheckOverDevDebugSourceSet NO-SOURCE
> Task :core:vault:ktlintDevDebugSourceSetCheck SKIPPED
> Task :core:vault:runKtlintCheckOverDevReleaseSourceSet NO-SOURCE
> Task :core:vault:ktlintDevReleaseSourceSetCheck SKIPPED
> Task :core:vault:runKtlintCheckOverDevSourceSet NO-SOURCE
> Task :core:vault:ktlintDevSourceSetCheck SKIPPED
> Task :core:vault:runKtlintCheckOverFossDebugSourceSet NO-SOURCE
> Task :core:vault:ktlintFossDebugSourceSetCheck SKIPPED
> Task :core:vault:runKtlintCheckOverFossReleaseSourceSet NO-SOURCE
> Task :core:vault:ktlintFossReleaseSourceSetCheck SKIPPED
> Task :core:vault:runKtlintCheckOverFossSourceSet NO-SOURCE
> Task :core:vault:ktlintFossSourceSetCheck SKIPPED
> Task :core:vault:runKtlintCheckOverKotlinScripts UP-TO-DATE
> Task :core:vault:ktlintKotlinScriptCheck UP-TO-DATE
> Task :core:vault:runKtlintCheckOverAndroidTestSourceSet
> Task :core:vault:ktlintAndroidTestSourceSetCheck
> Task :core:vault:runKtlintCheckOverReleaseSourceSet NO-SOURCE
> Task :core:vault:ktlintReleaseSourceSetCheck SKIPPED
> Task :core:vault:runKtlintCheckOverTestDebugSourceSet NO-SOURCE
> Task :core:vault:ktlintTestDebugSourceSetCheck SKIPPED
> Task :core:vault:runKtlintCheckOverTestDevDebugSourceSet NO-SOURCE
> Task :core:vault:ktlintTestDevDebugSourceSetCheck SKIPPED
> Task :core:vault:runKtlintCheckOverTestDevSourceSet NO-SOURCE
> Task :core:vault:ktlintTestDevSourceSetCheck SKIPPED
> Task :core:vault:runKtlintCheckOverTestFixturesDebugSourceSet NO-SOURCE
> Task :core:vault:ktlintTestFixturesDebugSourceSetCheck SKIPPED
> Task :core:vault:runKtlintCheckOverTestFixturesDevSourceSet NO-SOURCE
> Task :core:vault:ktlintTestFixturesDevSourceSetCheck SKIPPED
> Task :core:vault:runKtlintCheckOverTestFixturesFossSourceSet NO-SOURCE
> Task :core:vault:ktlintTestFixturesFossSourceSetCheck SKIPPED
> Task :core:vault:runKtlintCheckOverTestFixturesReleaseSourceSet NO-SOURCE
> Task :core:vault:ktlintTestFixturesReleaseSourceSetCheck SKIPPED
> Task :core:vault:runKtlintCheckOverTestFixturesSourceSet NO-SOURCE
> Task :core:vault:ktlintTestFixturesSourceSetCheck SKIPPED
> Task :core:vault:runKtlintCheckOverTestFossDebugSourceSet NO-SOURCE
> Task :core:vault:ktlintTestFossDebugSourceSetCheck SKIPPED
> Task :core:vault:runKtlintCheckOverTestFossSourceSet NO-SOURCE
> Task :core:vault:ktlintTestFossSourceSetCheck SKIPPED
> Task :core:vault:runKtlintCheckOverTestReleaseSourceSet NO-SOURCE
> Task :core:vault:ktlintTestReleaseSourceSetCheck SKIPPED
> Task :core:vault:runKtlintCheckOverMainSourceSet
> Task :core:vault:ktlintMainSourceSetCheck
> Task :core:model:compileJava NO-SOURCE
> Task :core:model:processResources UP-TO-DATE
> Task :core:model:classes UP-TO-DATE
> Task :core:model:jar UP-TO-DATE
> Task :testing-fakes:compileKotlin UP-TO-DATE
> Task :testing-fakes:compileJava NO-SOURCE
> Task :testing-fakes:processResources NO-SOURCE
> Task :testing-fakes:classes UP-TO-DATE
> Task :testing-fakes:jar UP-TO-DATE
> Task :testing:compileKotlin UP-TO-DATE
> Task :testing:compileJava NO-SOURCE
> Task :testing:processResources UP-TO-DATE
> Task :testing:classes UP-TO-DATE
> Task :testing:jar UP-TO-DATE
> Task :core:markdown:checkKotlinGradlePluginConfigurationErrors SKIPPED
> Task :core:markdown:compileKotlin UP-TO-DATE
> Task :core:markdown:compileJava NO-SOURCE
> Task :core:markdown:processResources NO-SOURCE
> Task :core:markdown:classes UP-TO-DATE
> Task :core:markdown:jar UP-TO-DATE
> Task :core:vault:preBuild UP-TO-DATE
> Task :core:vault:preDevDebugBuild UP-TO-DATE
> Task :core:vault:generateDevDebugResources UP-TO-DATE
> Task :core:vault:packageDevDebugResources UP-TO-DATE
> Task :core:vault:processDevDebugNavigationResources UP-TO-DATE
> Task :core:vault:parseDevDebugLocalResources UP-TO-DATE
> Task :core:vault:generateDevDebugRFile UP-TO-DATE
> Task :core:vault:runKtlintCheckOverTestSourceSet
> Task :core:vault:ktlintTestSourceSetCheck
> Task :core:vault:ktlintCheck
> Task :core:vault:javaPreCompileDevDebug UP-TO-DATE
> Task :core:vault:preDevDebugUnitTestBuild UP-TO-DATE
> Task :core:vault:writeDevDebugAarMetadata UP-TO-DATE
> Task :core:vault:checkDevDebugUnitTestAarMetadata UP-TO-DATE
> Task :core:vault:mapDevDebugSourceSetPaths UP-TO-DATE
> Task :core:vault:compileDevDebugLibraryResources UP-TO-DATE
> Task :core:vault:mapDevDebugUnitTestSourceSetPaths UP-TO-DATE
> Task :core:vault:generateDevDebugUnitTestResources UP-TO-DATE
> Task :core:vault:mergeDevDebugUnitTestResources UP-TO-DATE
> Task :core:vault:extractDeepLinksDevDebug UP-TO-DATE
> Task :core:vault:processDevDebugManifest UP-TO-DATE
> Task :core:vault:mergeDevDebugUnitTestManifest UP-TO-DATE
> Task :core:vault:processDevDebugUnitTestManifest UP-TO-DATE
> Task :core:vault:processDevDebugUnitTestResources UP-TO-DATE
> Task :core:vault:javaPreCompileDevDebugUnitTest UP-TO-DATE
> Task :core:vault:generateDevDebugUnitTestAssets UP-TO-DATE
> Task :core:vault:generateDevDebugAssets UP-TO-DATE
> Task :core:vault:mergeDevDebugAssets UP-TO-DATE
> Task :core:vault:mergeDevDebugUnitTestAssets UP-TO-DATE
> Task :core:vault:packageDevDebugUnitTestForUnitTest UP-TO-DATE
> Task :core:vault:generateDevDebugUnitTestConfig UP-TO-DATE
> Task :core:rag:preBuild UP-TO-DATE
> Task :core:rag:preDebugBuild UP-TO-DATE
> Task :core:rag:generateDebugResources UP-TO-DATE
> Task :core:rag:packageDebugResources UP-TO-DATE
> Task :core:rag:processDebugNavigationResources UP-TO-DATE
> Task :core:rag:parseDebugLocalResources UP-TO-DATE
> Task :core:rag:generateDebugRFile UP-TO-DATE
> Task :core:security:preBuild UP-TO-DATE
> Task :core:security:preDebugBuild UP-TO-DATE
> Task :core:security:generateDebugResources UP-TO-DATE
> Task :core:security:packageDebugResources UP-TO-DATE
> Task :core:security:processDebugNavigationResources UP-TO-DATE
> Task :core:security:parseDebugLocalResources UP-TO-DATE
> Task :core:security:generateDebugRFile UP-TO-DATE
> Task :core:security:compileDebugKotlin UP-TO-DATE
> Task :core:security:javaPreCompileDebug UP-TO-DATE
> Task :core:security:compileDebugJavaWithJavac NO-SOURCE
> Task :core:security:bundleLibCompileToJarDebug UP-TO-DATE
> Task :core:rag:compileDebugKotlin UP-TO-DATE
> Task :core:rag:javaPreCompileDebug UP-TO-DATE
> Task :core:rag:compileDebugJavaWithJavac NO-SOURCE
> Task :core:rag:bundleLibCompileToJarDebug UP-TO-DATE
> Task :core:vault:preDevDebugAndroidTestBuild UP-TO-DATE
> Task :core:vault:generateDevDebugAndroidTestResources UP-TO-DATE
> Task :core:vault:packageDevDebugAndroidTestResources UP-TO-DATE
> Task :core:vault:processDevDebugAndroidTestNavigationResources UP-TO-DATE
> Task :core:vault:parseDevDebugAndroidTestLocalResources UP-TO-DATE
> Task :core:vault:generateDevDebugAndroidTestRFile UP-TO-DATE
> Task :core:vault:preFossDebugBuild UP-TO-DATE
> Task :core:vault:generateFossDebugResources UP-TO-DATE
> Task :core:vault:packageFossDebugResources UP-TO-DATE
> Task :core:vault:processFossDebugNavigationResources UP-TO-DATE
> Task :core:vault:parseFossDebugLocalResources UP-TO-DATE
> Task :core:vault:generateFossDebugRFile UP-TO-DATE
> Task :core:vault:compileDevDebugKotlin
> Task :core:vault:compileDevDebugJavaWithJavac NO-SOURCE

> Task :core:vault:compileFossDebugKotlin
w: file:///Users/andrewherrera/skein-worktrees/ux-integration-20260929/core/vault/src/main/kotlin/app/skein/core/vault/key/recovery/RecoveryEnvelopeTransaction.kt:66:14 Only safe (?.) or non-null asserted (!!.) calls are allowed on a nullable receiver of type 'File?'.
w: file:///Users/andrewherrera/skein-worktrees/ux-integration-20260929/core/vault/src/main/kotlin/app/skein/core/vault/key/recovery/RecoveryEnvelopeTransaction.kt:66:37 Only safe (?.) or non-null asserted (!!.) calls are allowed on a nullable receiver of type 'File?'.
w: file:///Users/andrewherrera/skein-worktrees/ux-integration-20260929/core/vault/src/main/kotlin/app/skein/core/vault/key/recovery/RecoveryEnvelopeTransaction.kt:74:27 Java type mismatch: inferred type is 'File?', but 'File' was expected.
w: file:///Users/andrewherrera/skein-worktrees/ux-integration-20260929/core/vault/src/main/kotlin/app/skein/core/vault/key/recovery/RecoveryEnvelopeTransaction.kt:78:27 Java type mismatch: inferred type is 'File?', but 'File' was expected.
w: file:///Users/andrewherrera/skein-worktrees/ux-integration-20260929/core/vault/src/main/kotlin/app/skein/core/vault/key/recovery/RecoveryEnvelopeTransaction.kt:104:27 Java type mismatch: inferred type is 'File?', but 'File' was expected.

> Task :core:vault:bundleLibRuntimeToJarDevDebug
> Task :core:vault:processDevDebugJavaRes UP-TO-DATE
> Task :core:vault:javaPreCompileFossDebug UP-TO-DATE
> Task :core:vault:bundleLibCompileToJarDevDebug

> Task :core:vault:compileDevDebugUnitTestKotlin FAILED
e: file:///Users/andrewherrera/skein-worktrees/ux-integration-20260929/core/vault/src/test/kotlin/app/skein/core/vault/key/recovery/AuthenticatedRecoveryActivationTest.kt:846:61 Argument type mismatch: actual type is 'String', but 'Double' was expected.

> Task :core:vault:compileDevDebugAndroidTestKotlin
> Task :core:vault:compileFossDebugJavaWithJavac NO-SOURCE
> Task :core:vault:preFossDebugAndroidTestBuild UP-TO-DATE
> Task :core:vault:generateFossDebugAndroidTestResources UP-TO-DATE
> Task :core:vault:packageFossDebugAndroidTestResources UP-TO-DATE
> Task :core:vault:processFossDebugAndroidTestNavigationResources UP-TO-DATE
> Task :core:vault:parseFossDebugAndroidTestLocalResources UP-TO-DATE
> Task :core:vault:generateFossDebugAndroidTestRFile UP-TO-DATE
> Task :core:vault:bundleLibCompileToJarFossDebug
> Task :core:vault:compileFossDebugAndroidTestKotlin

[Incubating] Problems report is available at: file:///Users/andrewherrera/skein-worktrees/ux-integration-20260929/build/reports/problems/problems-report.html

FAILURE: Build failed with an exception.

* What went wrong:
Execution failed for task ':core:vault:compileDevDebugUnitTestKotlin' (registered by plugin 'com.android.internal.library').
> A failure occurred while executing org.jetbrains.kotlin.compilerRunner.btapi.BuildToolsApiCompilationWork
   > Kotlin compiler: ARGUMENT_TYPE_MISMATCH
       Kotlin compiler error
         Argument type mismatch: actual type is 'String', but 'Double' was expected.
         Location: /Users/andrewherrera/skein-worktrees/ux-integration-20260929/core/vault/src/test/kotlin/app/skein/core/vault/key/recovery/AuthenticatedRecoveryActivationTest.kt line 846

* Try:
> Run with --info or --debug option to get more log output.
> Run with --scan to get full insights from a Build Scan (powered by Develocity).
> Get more help at https://help.gradle.org.

* Exception is:
org.gradle.api.tasks.TaskExecutionException: Execution failed for task ':core:vault:compileDevDebugUnitTestKotlin' (registered by plugin 'com.android.internal.library').
	at org.gradle.api.internal.tasks.execution.ExecuteActionsTaskExecuter.lambda$executeIfValid$1(ExecuteActionsTaskExecuter.java:135)
	at org.gradle.internal.Try$Failure.ifSuccessfulOrElse(Try.java:288)
	at org.gradle.api.internal.tasks.execution.ExecuteActionsTaskExecuter.executeIfValid(ExecuteActionsTaskExecuter.java:133)
	at org.gradle.api.internal.tasks.execution.ExecuteActionsTaskExecuter.execute(ExecuteActionsTaskExecuter.java:121)
	at org.gradle.api.internal.tasks.execution.ProblemsTaskPathTrackingTaskExecuter.execute(ProblemsTaskPathTrackingTaskExecuter.java:41)
	at org.gradle.api.internal.tasks.execution.ResolveTaskExecutionModeExecuter.execute(ResolveTaskExecutionModeExecuter.java:51)
	at org.gradle.api.internal.tasks.execution.FinalizePropertiesTaskExecuter.execute(FinalizePropertiesTaskExecuter.java:46)
	at org.gradle.api.internal.tasks.execution.SkipTaskWithNoActionsExecuter.execute(SkipTaskWithNoActionsExecuter.java:57)
	at org.gradle.api.internal.tasks.execution.SkipOnlyIfTaskExecuter.execute(SkipOnlyIfTaskExecuter.java:74)
	at org.gradle.api.internal.tasks.execution.CatchExceptionTaskExecuter.execute(CatchExceptionTaskExecuter.java:36)
	at org.gradle.api.internal.tasks.execution.EventFiringTaskExecuter$1.executeTask(EventFiringTaskExecuter.java:77)
	at org.gradle.api.internal.tasks.execution.EventFiringTaskExecuter$1.call(EventFiringTaskExecuter.java:55)
	at org.gradle.api.internal.tasks.execution.EventFiringTaskExecuter$1.call(EventFiringTaskExecuter.java:52)
	at org.gradle.internal.operations.DefaultBuildOperationRunner$CallableBuildOperationWorker.execute(DefaultBuildOperationRunner.java:210)
	at org.gradle.internal.operations.DefaultBuildOperationRunner$CallableBuildOperationWorker.execute(DefaultBuildOperationRunner.java:205)
	at org.gradle.internal.operations.DefaultBuildOperationRunner$2.execute(DefaultBuildOperationRunner.java:67)
	at org.gradle.internal.operations.DefaultBuildOperationRunner$2.execute(DefaultBuildOperationRunner.java:60)
	at org.gradle.internal.operations.DefaultBuildOperationRunner.execute(DefaultBuildOperationRunner.java:167)
	at org.gradle.internal.operations.DefaultBuildOperationRunner.execute(DefaultBuildOperationRunner.java:60)
	at org.gradle.internal.operations.DefaultBuildOperationRunner.call(DefaultBuildOperationRunner.java:54)
	at org.gradle.api.internal.tasks.execution.EventFiringTaskExecuter.execute(EventFiringTaskExecuter.java:52)
	at org.gradle.execution.plan.DefaultNodeExecutor.executeLocalTaskNode(DefaultNodeExecutor.java:55)
	at org.gradle.execution.plan.DefaultNodeExecutor.execute(DefaultNodeExecutor.java:34)
	at org.gradle.execution.taskgraph.DefaultTaskExecutionGraph$InvokeNodeExecutorsAction.execute(DefaultTaskExecutionGraph.java:355)
	at org.gradle.execution.taskgraph.DefaultTaskExecutionGraph$InvokeNodeExecutorsAction.execute(DefaultTaskExecutionGraph.java:343)
	at org.gradle.execution.taskgraph.DefaultTaskExecutionGraph$BuildOperationAwareExecutionAction.lambda$execute$0(DefaultTaskExecutionGraph.java:339)
	at org.gradle.internal.operations.CurrentBuildOperationRef.with(CurrentBuildOperationRef.java:84)
	at org.gradle.execution.taskgraph.DefaultTaskExecutionGraph$BuildOperationAwareExecutionAction.execute(DefaultTaskExecutionGraph.java:339)
	at org.gradle.execution.taskgraph.DefaultTaskExecutionGraph$BuildOperationAwareExecutionAction.execute(DefaultTaskExecutionGraph.java:328)
	at org.gradle.execution.plan.DefaultPlanExecutor$ExecutorWorker.execute(DefaultPlanExecutor.java:459)
	at org.gradle.execution.plan.DefaultPlanExecutor$ExecutorWorker.run(DefaultPlanExecutor.java:376)
	at org.gradle.internal.concurrent.ExecutorPolicy$CatchAndRecordFailures.onExecute(ExecutorPolicy.java:65)
	at org.gradle.internal.concurrent.AbstractManagedExecutor$1.run(AbstractManagedExecutor.java:47)
Caused by: org.gradle.workers.internal.DefaultWorkerExecutor$WorkExecutionException: A failure occurred while executing org.jetbrains.kotlin.compilerRunner.btapi.BuildToolsApiCompilationWork
	at org.gradle.workers.internal.DefaultWorkerExecutor$WorkItemExecution.waitForCompletion(DefaultWorkerExecutor.java:273)
	at org.gradle.internal.work.DefaultAsyncWorkTracker.lambda$waitForItemsAndGatherFailures$2(DefaultAsyncWorkTracker.java:132)
	at org.gradle.internal.Factories$1.create(Factories.java:30)
	at org.gradle.internal.work.DefaultWorkerLeaseService.lambda$withoutLocksBlocking$0(DefaultWorkerLeaseService.java:412)
	at org.gradle.internal.work.ResourceLockStatistics$1.measure(ResourceLockStatistics.java:43)
	at org.gradle.internal.work.DefaultWorkerLeaseService.withoutLocksBlocking(DefaultWorkerLeaseService.java:407)
	at org.gradle.internal.work.DefaultWorkerLeaseService.blocking(DefaultWorkerLeaseService.java:257)
	at org.gradle.internal.work.DefaultWorkerLeaseService.blocking(DefaultWorkerLeaseService.java:239)
	at org.gradle.internal.work.DefaultAsyncWorkTracker.lambda$waitForItemsAndGatherFailures$1(DefaultAsyncWorkTracker.java:128)
	at org.gradle.internal.Factories$1.create(Factories.java:30)
	at org.gradle.internal.resources.AbstractResourceLockRegistry.whileDisallowingLockChanges(AbstractResourceLockRegistry.java:51)
	at org.gradle.internal.work.DefaultWorkerLeaseService.whileDisallowingProjectLockChanges(DefaultWorkerLeaseService.java:262)
	at org.gradle.internal.work.DefaultAsyncWorkTracker.waitForItemsAndGatherFailures(DefaultAsyncWorkTracker.java:127)
	at org.gradle.internal.work.DefaultAsyncWorkTracker.waitForItemsAndGatherFailures(DefaultAsyncWorkTracker.java:93)
	at org.gradle.internal.work.DefaultAsyncWorkTracker.waitForAll(DefaultAsyncWorkTracker.java:79)
	at org.gradle.internal.work.DefaultAsyncWorkTracker.waitForCompletion(DefaultAsyncWorkTracker.java:67)
	at org.gradle.api.internal.tasks.execution.TaskExecution$3.run(TaskExecution.java:267)
	at org.gradle.internal.operations.DefaultBuildOperationRunner$1.execute(DefaultBuildOperationRunner.java:30)
	at org.gradle.internal.operations.DefaultBuildOperationRunner$1.execute(DefaultBuildOperationRunner.java:27)
	at org.gradle.internal.operations.DefaultBuildOperationRunner$2.execute(DefaultBuildOperationRunner.java:67)
	at org.gradle.internal.operations.DefaultBuildOperationRunner$2.execute(DefaultBuildOperationRunner.java:60)
	at org.gradle.internal.operations.DefaultBuildOperationRunner.execute(DefaultBuildOperationRunner.java:167)
	at org.gradle.internal.operations.DefaultBuildOperationRunner.execute(DefaultBuildOperationRunner.java:60)
	at org.gradle.internal.operations.DefaultBuildOperationRunner.run(DefaultBuildOperationRunner.java:48)
	at org.gradle.api.internal.tasks.execution.TaskExecution.executeAction(TaskExecution.java:244)
	at org.gradle.api.internal.tasks.execution.TaskExecution.executeActions(TaskExecution.java:227)
	at org.gradle.api.internal.tasks.execution.TaskExecution.executeWithPreviousOutputFiles(TaskExecution.java:210)
	at org.gradle.api.internal.tasks.execution.TaskExecution.execute(TaskExecution.java:176)
	at org.gradle.internal.execution.steps.ExecuteStep.executeInternal(ExecuteStep.java:167)
	at org.gradle.internal.execution.steps.ExecuteStep.access$000(ExecuteStep.java:47)
	at org.gradle.internal.execution.steps.ExecuteStep$1.call(ExecuteStep.java:137)
	at org.gradle.internal.execution.steps.ExecuteStep$1.call(ExecuteStep.java:134)
	at org.gradle.internal.operations.DefaultBuildOperationRunner$CallableBuildOperationWorker.execute(DefaultBuildOperationRunner.java:210)
	at org.gradle.internal.operations.DefaultBuildOperationRunner$CallableBuildOperationWorker.execute(DefaultBuildOperationRunner.java:205)
	at org.gradle.internal.operations.DefaultBuildOperationRunner$2.execute(DefaultBuildOperationRunner.java:67)
	at org.gradle.internal.operations.DefaultBuildOperationRunner$2.execute(DefaultBuildOperationRunner.java:60)
	at org.gradle.internal.operations.DefaultBuildOperationRunner.execute(DefaultBuildOperationRunner.java:167)
	at org.gradle.internal.operations.DefaultBuildOperationRunner.execute(DefaultBuildOperationRunner.java:60)
	at org.gradle.internal.operations.DefaultBuildOperationRunner.call(DefaultBuildOperationRunner.java:54)
	at org.gradle.internal.execution.steps.ExecuteStep.execute(ExecuteStep.java:134)
	at org.gradle.internal.execution.steps.ExecuteStep$Mutable.execute(ExecuteStep.java:80)
	at org.gradle.internal.execution.steps.CancelExecutionStep.execute(CancelExecutionStep.java:42)
	at org.gradle.internal.execution.steps.TimeoutStep.executeWithoutTimeout(TimeoutStep.java:75)
	at org.gradle.internal.execution.steps.TimeoutStep.execute(TimeoutStep.java:55)
	at org.gradle.internal.execution.steps.PreCreateOutputParentsStep.execute(PreCreateOutputParentsStep.java:51)
	at org.gradle.internal.execution.steps.PreCreateOutputParentsStep.execute(PreCreateOutputParentsStep.java:29)
	at org.gradle.internal.execution.steps.RemovePreviousOutputsStep.executeMutable(RemovePreviousOutputsStep.java:67)
	at org.gradle.internal.execution.steps.RemovePreviousOutputsStep.executeMutable(RemovePreviousOutputsStep.java:39)
	at org.gradle.internal.execution.steps.MutableStep.execute(MutableStep.java:26)
	at org.gradle.internal.execution.steps.BroadcastChangingOutputsStep.execute(BroadcastChangingOutputsStep.java:42)
	at org.gradle.internal.execution.steps.BroadcastChangingOutputsStep.execute(BroadcastChangingOutputsStep.java:24)
	at org.gradle.internal.execution.steps.CaptureOutputsAfterExecutionStep.execute(CaptureOutputsAfterExecutionStep.java:69)
	at org.gradle.internal.execution.steps.CaptureOutputsAfterExecutionStep.execute(CaptureOutputsAfterExecutionStep.java:46)
	at org.gradle.internal.execution.steps.ResolveInputChangesStep.executeMutable(ResolveInputChangesStep.java:39)
	at org.gradle.internal.execution.steps.ResolveInputChangesStep.executeMutable(ResolveInputChangesStep.java:28)
	at org.gradle.internal.execution.steps.MutableStep.execute(MutableStep.java:26)
	at org.gradle.internal.execution.steps.BuildCacheStep.executeWithoutCache(BuildCacheStep.java:189)
	at org.gradle.internal.execution.steps.BuildCacheStep.executeAndStoreInCache(BuildCacheStep.java:145)
	at org.gradle.internal.execution.steps.BuildCacheStep.lambda$executeWithCache$3(BuildCacheStep.java:104)
	at org.gradle.internal.execution.steps.BuildCacheStep.lambda$executeWithCache$1(BuildCacheStep.java:104)
	at org.gradle.internal.Try$Success.map(Try.java:170)
	at org.gradle.internal.execution.steps.BuildCacheStep.executeWithCache(BuildCacheStep.java:88)
	at org.gradle.internal.execution.steps.BuildCacheStep.lambda$execute$0(BuildCacheStep.java:75)
	at org.gradle.internal.Either$Left.fold(Either.java:116)
	at org.gradle.internal.execution.caching.CachingState.fold(CachingState.java:62)
	at org.gradle.internal.execution.steps.BuildCacheStep.execute(BuildCacheStep.java:74)
	at org.gradle.internal.execution.steps.BuildCacheStep.execute(BuildCacheStep.java:49)
	at org.gradle.internal.execution.steps.StoreExecutionStateStep.executeMutable(StoreExecutionStateStep.java:46)
	at org.gradle.internal.execution.steps.StoreExecutionStateStep.executeMutable(StoreExecutionStateStep.java:35)
	at org.gradle.internal.execution.steps.MutableStep.execute(MutableStep.java:26)
	at org.gradle.internal.execution.steps.SkipUpToDateStep.executeBecause(SkipUpToDateStep.java:75)
	at org.gradle.internal.execution.steps.SkipUpToDateStep.lambda$execute$2(SkipUpToDateStep.java:53)
	at org.gradle.internal.execution.steps.SkipUpToDateStep.execute(SkipUpToDateStep.java:53)
	at org.gradle.internal.execution.steps.SkipUpToDateStep.execute(SkipUpToDateStep.java:35)
	at org.gradle.internal.execution.steps.legacy.MarkSnapshottingInputsFinishedStep.execute(MarkSnapshottingInputsFinishedStep.java:37)
	at org.gradle.internal.execution.steps.legacy.MarkSnapshottingInputsFinishedStep.execute(MarkSnapshottingInputsFinishedStep.java:27)
	at org.gradle.internal.execution.steps.ResolveMutableCachingStateStep.executeDelegate(ResolveMutableCachingStateStep.java:70)
	at org.gradle.internal.execution.steps.ResolveMutableCachingStateStep.executeDelegate(ResolveMutableCachingStateStep.java:32)
	at org.gradle.internal.execution.steps.AbstractResolveCachingStateStep.execute(AbstractResolveCachingStateStep.java:69)
	at org.gradle.internal.execution.steps.AbstractResolveCachingStateStep.execute(AbstractResolveCachingStateStep.java:37)
	at org.gradle.internal.execution.steps.ResolveChangesStep.executeMutable(ResolveChangesStep.java:63)
	at org.gradle.internal.execution.steps.ResolveChangesStep.executeMutable(ResolveChangesStep.java:34)
	at org.gradle.internal.execution.steps.MutableStep.execute(MutableStep.java:26)
	at org.gradle.internal.execution.steps.ValidateStep$Mutable.executeDelegate(ValidateStep.java:79)
	at org.gradle.internal.execution.steps.ValidateStep$Mutable.executeDelegate(ValidateStep.java:65)
	at org.gradle.internal.execution.steps.ValidateStep.execute(ValidateStep.java:105)
	at org.gradle.internal.execution.steps.ValidateStep$Mutable.execute(ValidateStep.java:65)
	at org.gradle.internal.execution.steps.CaptureMutableStateBeforeExecutionStep.executeMutable(CaptureMutableStateBeforeExecutionStep.java:86)
	at org.gradle.internal.execution.steps.CaptureMutableStateBeforeExecutionStep.execute(CaptureMutableStateBeforeExecutionStep.java:65)
	at org.gradle.internal.execution.steps.CaptureMutableStateBeforeExecutionStep.execute(CaptureMutableStateBeforeExecutionStep.java:45)
	at org.gradle.internal.execution.steps.SkipEmptyMutableWorkStep.executeWithNonEmptySources(SkipEmptyMutableWorkStep.java:210)
	at org.gradle.internal.execution.steps.SkipEmptyMutableWorkStep.executeMutable(SkipEmptyMutableWorkStep.java:90)
	at org.gradle.internal.execution.steps.SkipEmptyMutableWorkStep.executeMutable(SkipEmptyMutableWorkStep.java:53)
	at org.gradle.internal.execution.steps.MutableStep.execute(MutableStep.java:26)
	at org.gradle.internal.execution.steps.legacy.MarkSnapshottingInputsStartedStep.execute(MarkSnapshottingInputsStartedStep.java:38)
	at org.gradle.internal.execution.steps.LoadPreviousExecutionStateStep.executeMutable(LoadPreviousExecutionStateStep.java:36)
	at org.gradle.internal.execution.steps.LoadPreviousExecutionStateStep.executeMutable(LoadPreviousExecutionStateStep.java:23)
	at org.gradle.internal.execution.steps.MutableStep.execute(MutableStep.java:26)
	at org.gradle.internal.execution.steps.HandleStaleOutputsStep.executeMutable(HandleStaleOutputsStep.java:77)
	at org.gradle.internal.execution.steps.HandleStaleOutputsStep.executeMutable(HandleStaleOutputsStep.java:43)
	at org.gradle.internal.execution.steps.MutableStep.execute(MutableStep.java:26)
	at org.gradle.internal.execution.steps.AssignMutableWorkspaceStep.lambda$executeMutable$0(AssignMutableWorkspaceStep.java:34)
	at org.gradle.api.internal.tasks.execution.TaskExecution$4.withWorkspace(TaskExecution.java:305)
	at org.gradle.internal.execution.steps.AssignMutableWorkspaceStep.executeMutable(AssignMutableWorkspaceStep.java:30)
	at org.gradle.internal.execution.steps.AssignMutableWorkspaceStep.executeMutable(AssignMutableWorkspaceStep.java:21)
	at org.gradle.internal.execution.steps.MutableStep.execute(MutableStep.java:26)
	at org.gradle.internal.execution.steps.ChoosePipelineStep.execute(ChoosePipelineStep.java:40)
	at org.gradle.internal.execution.steps.ChoosePipelineStep.execute(ChoosePipelineStep.java:23)
	at org.gradle.internal.execution.steps.ExecuteWorkBuildOperationFiringStep.lambda$execute$2(ExecuteWorkBuildOperationFiringStep.java:67)
	at org.gradle.internal.execution.steps.ExecuteWorkBuildOperationFiringStep.execute(ExecuteWorkBuildOperationFiringStep.java:67)
	at org.gradle.internal.execution.steps.ExecuteWorkBuildOperationFiringStep.execute(ExecuteWorkBuildOperationFiringStep.java:39)
	at org.gradle.internal.execution.steps.IdentityCacheStep.execute(IdentityCacheStep.java:46)
	at org.gradle.internal.execution.steps.IdentityCacheStep.execute(IdentityCacheStep.java:34)
	at org.gradle.internal.execution.steps.IdentifyStep.execute(IdentifyStep.java:56)
	at org.gradle.internal.execution.steps.IdentifyStep.execute(IdentifyStep.java:38)
	at org.gradle.internal.execution.impl.DefaultExecutionEngine$1.execute(DefaultExecutionEngine.java:68)
	at org.gradle.api.internal.tasks.execution.ExecuteActionsTaskExecuter.executeIfValid(ExecuteActionsTaskExecuter.java:132)
	... 30 more
Caused by: org.jetbrains.kotlin.gradle.tasks.CompilationErrorException: Argument type mismatch: actual type is 'String', but 'Double' was expected.
	at org.jetbrains.kotlin.gradle.plugin.diagnostics.DefaultCompilerDiagnosticsProblemsReporter.reportCompilerMessage(CompilerDiagnosticsProblemsReporter.kt:63)
	at org.jetbrains.kotlin.compilerRunner.btapi.ProblemsApiCompilerMessageRenderer.replayTo(ProblemsApiCompilerMessageRenderer.kt:88)
	at org.jetbrains.kotlin.compilerRunner.btapi.BuildToolsApiCompilationWork.execute(BuildToolsApiCompilationWork.kt:251)
	at org.gradle.workers.internal.DefaultWorkerServer.execute(DefaultWorkerServer.java:68)
	at org.gradle.workers.internal.NoIsolationWorkerFactory$1$1.create(NoIsolationWorkerFactory.java:64)
	at org.gradle.workers.internal.NoIsolationWorkerFactory$1$1.create(NoIsolationWorkerFactory.java:61)
	at org.gradle.internal.classloader.ClassLoaderUtils.executeInClassloader(ClassLoaderUtils.java:103)
	at org.gradle.workers.internal.NoIsolationWorkerFactory$1.lambda$execute$0(NoIsolationWorkerFactory.java:61)
	at org.gradle.workers.internal.AbstractWorker$1.call(AbstractWorker.java:44)
	at org.gradle.workers.internal.AbstractWorker$1.call(AbstractWorker.java:41)
	at org.gradle.internal.operations.DefaultBuildOperationRunner$CallableBuildOperationWorker.execute(DefaultBuildOperationRunner.java:210)
	at org.gradle.internal.operations.DefaultBuildOperationRunner$CallableBuildOperationWorker.execute(DefaultBuildOperationRunner.java:205)
	at org.gradle.internal.operations.DefaultBuildOperationRunner$2.execute(DefaultBuildOperationRunner.java:67)
	at org.gradle.internal.operations.DefaultBuildOperationRunner$2.execute(DefaultBuildOperationRunner.java:60)
	at org.gradle.internal.operations.DefaultBuildOperationRunner.execute(DefaultBuildOperationRunner.java:167)
	at org.gradle.internal.operations.DefaultBuildOperationRunner.execute(DefaultBuildOperationRunner.java:60)
	at org.gradle.internal.operations.DefaultBuildOperationRunner.call(DefaultBuildOperationRunner.java:54)
	at org.gradle.workers.internal.AbstractWorker.executeWrappedInBuildOperation(AbstractWorker.java:41)
	at org.gradle.workers.internal.NoIsolationWorkerFactory$1.execute(NoIsolationWorkerFactory.java:58)
	at org.gradle.workers.internal.DefaultWorkerExecutor.lambda$submitWork$1(DefaultWorkerExecutor.java:169)
	at org.gradle.internal.work.DefaultConditionalExecutionQueue$ExecutionRunner.runExecution(DefaultConditionalExecutionQueue.java:191)
	at org.gradle.internal.work.DefaultConditionalExecutionQueue$ExecutionRunner.access$600(DefaultConditionalExecutionQueue.java:112)
	at org.gradle.internal.work.DefaultConditionalExecutionQueue$ExecutionRunner$1.run(DefaultConditionalExecutionQueue.java:168)
	at org.gradle.internal.Factories$1.create(Factories.java:30)
	at org.gradle.internal.work.DefaultWorkerLeaseService.lambda$runAndReleaseLocks$0(DefaultWorkerLeaseService.java:302)
	at org.gradle.internal.work.ResourceLockStatistics$1.measure(ResourceLockStatistics.java:43)
	at org.gradle.internal.work.DefaultWorkerLeaseService.runAndReleaseLocks(DefaultWorkerLeaseService.java:300)
	at org.gradle.internal.work.DefaultWorkerLeaseService.withLocksAcquired(DefaultWorkerLeaseService.java:296)
	at org.gradle.internal.work.DefaultWorkerLeaseService.withLocks(DefaultWorkerLeaseService.java:288)
	at org.gradle.internal.work.DefaultWorkerLeaseService.runAsWorkerThread(DefaultWorkerLeaseService.java:131)
	at org.gradle.internal.work.DefaultWorkerLeaseService.runAsWorkerThread(DefaultWorkerLeaseService.java:137)
	at org.gradle.internal.work.DefaultConditionalExecutionQueue$ExecutionRunner.runBatch(DefaultConditionalExecutionQueue.java:163)
	at org.gradle.internal.work.DefaultConditionalExecutionQueue$ExecutionRunner.run(DefaultConditionalExecutionQueue.java:125)
	... 2 more


BUILD FAILED in 15s
87 actionable tasks: 14 executed, 73 up-to-date
Configuration cache entry stored.
